[www.sonacereal.com/index.html]
[external.html]
[backblue.gif]
[fade.gif]
[index.html]
[www.sonacereal.com/o,baseURI.0.delayed]
[www.sonacereal.com/GET.1.delayed]
[cdn-fljdi.nitrocdn.com/NqxVMQmcTFWztlsfjbVumopAosqYlLWW/assets/static/optimized/rev-c9d9d72/wp-content/plugins/instagram-feed-pro/img/sbi-sprite.png]
[cdn-fljdi.nitrocdn.com/NqxVMQmcTFWztlsfjbVumopAosqYlLWW/assets/static/optimized/rev-c9d9d72/wp-content/uploads/2022/05/Red-Rose-KB-1.jpg]
[cdn-fljdi.nitrocdn.com/NqxVMQmcTFWztlsfjbVumopAosqYlLWW/assets/static/optimized/rev-c9d9d72/wp-content/uploads/2022/06/G-Banner.png]
[www.sonacereal.com/Edge/index.html]
[cdn-fljdi.nitrocdn.com/NqxVMQmcTFWztlsfjbVumopAosqYlLWW/assets/static/optimized/rev-c9d9d72/wp-content/uploads/2022/02/farm-bg.jpg]
[cdn-fljdi.nitrocdn.com/NqxVMQmcTFWztlsfjbVumopAosqYlLWW/assets/static/optimized/rev-c9d9d72/wp-content/uploads/2022/02/logo-blank.png]
[cdn-fljdi.nitrocdn.com/NqxVMQmcTFWztlsfjbVumopAosqYlLWW/assets/static/optimized/rev-c9d9d72/wp-content/plugins/woocommerce/assets/css/photoswipe/default-skin/default-skin.png]
[www.sonacereal.com/wp-json/index.html]
[www.sonacereal.com/comments/feed/index.html]
[www.sonacereal.com/feed/index.html]
[www.sonacereal.com/wp-json/wp/v2/pages/2891.json]
[www.sonacereal.com/xmlrpc0db0.php]
[www.sonacereal.com/wp-json/oembed/1.0/embed0021.json]
[www.sonacereal.com/wp-json/oembed/1.0/embed6b2f]
[cdn-fljdi.nitrocdn.com/NqxVMQmcTFWztlsfjbVumopAosqYlLWW/assets/static/optimized/rev-c9d9d72/wp-content/uploads/2022/04/favicon.png]
[www.sonacereal.com/enquiry/index.html]
[www.sonacereal.com/_data_image/gif;base64,R0lGODlhAQABAIABAAAAAP/yH5BAEAAAEALAAAAAABAAEAAAICTAEAOw==]
[www.sonacereal.com/brands/index.html]
[www.sonacereal.com/shop/index.html]
[www.sonacereal.com/technology/index.html]
[www.sonacereal.com/about/index.html]
[www.sonacereal.com/my-account/index.html]
[www.sonacereal.com/contact/index.html]
[www.sonacereal.com/POST.26.delayed]
[cdn-fljdi.nitrocdn.com/NqxVMQmcTFWztlsfjbVumopAosqYlLWW/assets/static/optimized/rev-c9d9d72/wp-includes/js/jquery/nitro-min-a7a06d7d6baa21c9a129aecfbec647db.jquery.min.js]
[www.sonacereal.com/refund-policy/index.html]
[www.sonacereal.com/shipping-policy/index.html]
[www.sonacereal.com/privacy-policy-2/index.html]
[cdn-fljdi.nitrocdn.com/NqxVMQmcTFWztlsfjbVumopAosqYlLWW/assets/static/optimized/rev-c9d9d72/wp-includes/js/jquery/nitro-min-d6171631e2919215b5e490dc93564c56.jquery-migrate.min.js]
[cdn-fljdi.nitrocdn.com/NqxVMQmcTFWztlsfjbVumopAosqYlLWW/assets/static/optimized/rev-c9d9d72/wp-content/plugins/woocommerce/assets/js/accounting/nitro-min-affb1da56d4d930b1496be551ced577f.accoun]
[cdn-fljdi.nitrocdn.com/NqxVMQmcTFWztlsfjbVumopAosqYlLWW/assets/static/optimized/rev-c9d9d72/wp-includes/js/jquery/ui/nitro-min-3f14e9ae88f0336c658774ab6b2e8d39.core.min.js]
[cdn-fljdi.nitrocdn.com/NqxVMQmcTFWztlsfjbVumopAosqYlLWW/assets/static/optimized/rev-c9d9d72/wp-content/plugins/woocommerce/assets/js/selectWoo/nitro-min-f9889db57e893c4d6aca1d47c62a3a4c.selectW]
[cdn-fljdi.nitrocdn.com/NqxVMQmcTFWztlsfjbVumopAosqYlLWW/assets/static/optimized/rev-c9d9d72/wp-includes/js/nitro-min-d5840246f10714123b057fa3873e899c.underscore.min.js]
[www.sonacereal.com/terms-and-condition/index.html]
[cdn-fljdi.nitrocdn.com/NqxVMQmcTFWztlsfjbVumopAosqYlLWW/assets/static/optimized/rev-c9d9d72/wp-content/plugins/yith-woocommerce-ajax-navigation/assets/js/nitro-min-f77d5c30a43a7cf5e1c7aa03c7a52]
[cdn-fljdi.nitrocdn.com/NqxVMQmcTFWztlsfjbVumopAosqYlLWW/assets/static/optimized/rev-c9d9d72/wp-includes/js/nitro-min-6a4d797cb2c4c163caae73cbfa55efa1.wp-util.min.js]
[cdn-fljdi.nitrocdn.com/NqxVMQmcTFWztlsfjbVumopAosqYlLWW/assets/static/optimized/rev-c9d9d72/wp-content/plugins/woocommerce/assets/js/jquery-blockui/nitro-min-dc326c550882892338969daba2b2bfe8.jq]
[cdn-fljdi.nitrocdn.com/NqxVMQmcTFWztlsfjbVumopAosqYlLWW/assets/static/optimized/rev-c9d9d72/wp-content/plugins/woocommerce/assets/js/frontend/nitro-min-823d1cac4bbf35005429fe38312b2937.add-to-c]
[cdn-fljdi.nitrocdn.com/NqxVMQmcTFWztlsfjbVumopAosqYlLWW/assets/static/optimized/rev-c9d9d72/wp-content/plugins/revslider/public/assets/js/nitro-min-109cfabcacc52ada8f73296e22597da0.rbtools.min]
[cdn-fljdi.nitrocdn.com/NqxVMQmcTFWztlsfjbVumopAosqYlLWW/assets/static/optimized/rev-c9d9d72/wp-content/plugins/revslider/public/assets/js/nitro-min-109cfabcacc52ada8f73296e22597da0.rs6.min.2d.d]
[cdn-fljdi.nitrocdn.com/NqxVMQmcTFWztlsfjbVumopAosqYlLWW/assets/static/optimized/rev-c9d9d72/wp-includes/js/nitro-min-6a4d797cb2c4c163caae73cbfa55efa1.api-request.min.js]
[cdn-fljdi.nitrocdn.com/NqxVMQmcTFWztlsfjbVumopAosqYlLWW/assets/static/optimized/rev-c9d9d72/wp-content/plugins/woocommerce/assets/js/js-cookie/nitro-min-c5994250f2b454608b8bb0f23cdd262c.js.cook]
[cdn-fljdi.nitrocdn.com/NqxVMQmcTFWztlsfjbVumopAosqYlLWW/assets/static/optimized/rev-c9d9d72/wp-content/plugins/qi-addons-for-elementor/assets/js/nitro-min-6a4d797cb2c4c163caae73cbfa55efa1.main]
[cdn-fljdi.nitrocdn.com/NqxVMQmcTFWztlsfjbVumopAosqYlLWW/assets/static/optimized/rev-c9d9d72/wp-content/plugins/woocommerce/assets/js/frontend/nitro-min-823d1cac4bbf35005429fe38312b2937.cart-fra]
[cdn-fljdi.nitrocdn.com/NqxVMQmcTFWztlsfjbVumopAosqYlLWW/assets/static/optimized/rev-c9d9d72/wp-content/plugins/woocommerce/assets/js/frontend/nitro-min-823d1cac4bbf35005429fe38312b2937.woocomme]
[cdn-fljdi.nitrocdn.com/NqxVMQmcTFWztlsfjbVumopAosqYlLWW/assets/static/optimized/rev-c9d9d72/wp-includes/js/dist/vendor/nitro-min-2c7cef87d91a8c32817cef0915f9141b.wp-polyfill.min.js]
[cdn-fljdi.nitrocdn.com/NqxVMQmcTFWztlsfjbVumopAosqYlLWW/assets/static/optimized/rev-c9d9d72/wp-includes/js/dist/vendor/nitro-min-39373f825d7812e4c0eff141ce43ad5b.regenerator-runtime.min.38.dela]
[cdn-fljdi.nitrocdn.com/NqxVMQmcTFWztlsfjbVumopAosqYlLWW/assets/static/optimized/rev-c9d9d72/wp-includes/js/dist/nitro-min-6c65b900d21958a0de8c634bc5447228.hooks.min.js]
[cdn-fljdi.nitrocdn.com/NqxVMQmcTFWztlsfjbVumopAosqYlLWW/assets/static/optimized/rev-c9d9d72/wp-includes/js/dist/nitro-min-e57b90b4e49dcbeabd63317bc31b091c.i18n.min.js]
[cdn-fljdi.nitrocdn.com/NqxVMQmcTFWztlsfjbVumopAosqYlLWW/assets/static/optimized/rev-c9d9d72/wp-includes/js/dist/nitro-min-b260466a0bb5b45c41f66bd61a71781a.url.min.js]
[cdn-fljdi.nitrocdn.com/NqxVMQmcTFWztlsfjbVumopAosqYlLWW/assets/static/optimized/rev-c9d9d72/wp-includes/js/dist/nitro-min-0e58931df274af55d426b61b7292d509.api-fetch.min.js]
[cdn-fljdi.nitrocdn.com/NqxVMQmcTFWztlsfjbVumopAosqYlLWW/assets/static/optimized/rev-c9d9d72/wp-includes/js/nitro-min-eda163fa3f5615b4a4368b51733d3a45.imagesloaded.min.js]
[cdn-fljdi.nitrocdn.com/NqxVMQmcTFWztlsfjbVumopAosqYlLWW/assets/static/optimized/rev-c9d9d72/wp-content/plugins/woo-variation-swatches/assets/js/nitro-min-2719fe6c08cc28caa741ed3e6edfba02.fronte]
[cdn-fljdi.nitrocdn.com/NqxVMQmcTFWztlsfjbVumopAosqYlLWW/assets/static/optimized/rev-c9d9d72/wp-content/themes/oceanwp/assets/js/nitro-min-46dffa18ab766796b9c1952ced772b9f.theme.min.js]
[cdn-fljdi.nitrocdn.com/NqxVMQmcTFWztlsfjbVumopAosqYlLWW/assets/static/optimized/rev-c9d9d72/wp-content/themes/oceanwp/assets/js/nitro-min-46dffa18ab766796b9c1952ced772b9f.select.min.js]
[cdn-fljdi.nitrocdn.com/NqxVMQmcTFWztlsfjbVumopAosqYlLWW/assets/static/optimized/rev-c9d9d72/wp-content/themes/oceanwp/assets/js/nitro-min-46dffa18ab766796b9c1952ced772b9f.drop-down-mobile-menu]
[cdn-fljdi.nitrocdn.com/NqxVMQmcTFWztlsfjbVumopAosqYlLWW/assets/static/optimized/rev-c9d9d72/wp-content/themes/oceanwp/assets/js/nitro-min-46dffa18ab766796b9c1952ced772b9f.header-replace-search]
[cdn-fljdi.nitrocdn.com/NqxVMQmcTFWztlsfjbVumopAosqYlLWW/assets/static/optimized/rev-c9d9d72/wp-content/themes/oceanwp/assets/js/vendors/nitro-min-46dffa18ab766796b9c1952ced772b9f.magnific-popup]
[cdn-fljdi.nitrocdn.com/NqxVMQmcTFWztlsfjbVumopAosqYlLWW/assets/static/optimized/rev-c9d9d72/combinedCss/nitro-min-noimport-2bb4f365f38965bd572ec77f67df4d7f-stylesheet.css]
[cdn-fljdi.nitrocdn.com/NqxVMQmcTFWztlsfjbVumopAosqYlLWW/assets/static/optimized/rev-c9d9d72/wp-content/themes/oceanwp/assets/js/nitro-min-46dffa18ab766796b9c1952ced772b9f.ow-lightbox.min.44.del]
[cdn-fljdi.nitrocdn.com/NqxVMQmcTFWztlsfjbVumopAosqYlLWW/assets/static/optimized/rev-c9d9d72/wp-content/themes/oceanwp/assets/js/nitro-min-46dffa18ab766796b9c1952ced772b9f.ow-slider.min.46.delay]
[cdn-fljdi.nitrocdn.com/NqxVMQmcTFWztlsfjbVumopAosqYlLWW/assets/static/optimized/rev-c9d9d72/wp-content/themes/oceanwp/assets/js/vendors/nitro-min-46dffa18ab766796b9c1952ced772b9f.flickity.pkgd]
[cdn-fljdi.nitrocdn.com/NqxVMQmcTFWztlsfjbVumopAosqYlLWW/assets/static/optimized/rev-c9d9d72/combinedCss/nitro-min-noimport-68fc614fe158a2f4310f65f2d72461bd-stylesheet.css]
[cdn-fljdi.nitrocdn.com/NqxVMQmcTFWztlsfjbVumopAosqYlLWW/assets/static/optimized/rev-c9d9d72/wp-content/themes/oceanwp/assets/js/nitro-min-46dffa18ab766796b9c1952ced772b9f.scroll-effect.min.47.d]
[cdn-fljdi.nitrocdn.com/NqxVMQmcTFWztlsfjbVumopAosqYlLWW/assets/static/optimized/rev-c9d9d72/wp-content/themes/oceanwp/assets/js/wp-plugins/woocommerce/nitro-min-46dffa18ab766796b9c1952ced772b9f]
[cdn-fljdi.nitrocdn.com/NqxVMQmcTFWztlsfjbVumopAosqYlLWW/assets/static/optimized/rev-c9d9d72/wp-content/themes/oceanwp/assets/js/nitro-min-46dffa18ab766796b9c1952ced772b9f.scroll-top.min.48.dela]
[cdn-fljdi.nitrocdn.com/NqxVMQmcTFWztlsfjbVumopAosqYlLWW/assets/static/optimized/rev-c9d9d72/combinedCss/nitro-min-noimport-fd71125883a3c0469b598666f90ed417-stylesheet.css]
[cdn-fljdi.nitrocdn.com/NqxVMQmcTFWztlsfjbVumopAosqYlLWW/assets/static/optimized/rev-c9d9d72/wp-content/plugins/essential-addons-for-elementor-lite/assets/front-end/js/vi/nitro-min-7661f6611f1b7]
[cdn-fljdi.nitrocdn.com/NqxVMQmcTFWztlsfjbVumopAosqYlLWW/assets/static/optimized/rev-c9d9d72/wp-content/plugins/elementskit-lite/widgets/init/assets/js/nitro-min-de393f7bbb5fc3ef1032d5896eb1958a]
[cdn-fljdi.nitrocdn.com/NqxVMQmcTFWztlsfjbVumopAosqYlLWW/assets/static/optimized/rev-c9d9d72/wp-content/plugins/elementskit-lite/libs/framework/assets/js/nitro-min-de393f7bbb5fc3ef1032d5896eb195]
[cdn-fljdi.nitrocdn.com/NqxVMQmcTFWztlsfjbVumopAosqYlLWW/assets/static/optimized/rev-c9d9d72/combinedCss/nitro-min-noimport-bd29ad48fd8b400549322018bd8dc7ad-stylesheet.css]
[cdn-fljdi.nitrocdn.com/NqxVMQmcTFWztlsfjbVumopAosqYlLWW/assets/static/optimized/rev-c9d9d72/wp-content/plugins/loftloader/assets/js/nitro-min-d41d8cd98f00b204e9800998ecf8427e.loftloader.min.4f]
[cdn-fljdi.nitrocdn.com/NqxVMQmcTFWztlsfjbVumopAosqYlLWW/assets/static/optimized/rev-c9d9d72/wp-content/themes/oceanwp/assets/js/wp-plugins/woocommerce/nitro-min-46dffa18ab766796b9c1952ced772b9f-2]
[cdn-fljdi.nitrocdn.com/NqxVMQmcTFWztlsfjbVumopAosqYlLWW/assets/static/optimized/rev-c9d9d72/wp-content/plugins/woocommerce/assets/js/frontend/nitro-min-823d1cac4bbf35005429fe38312b2937-2.add-to-c]
[cdn-fljdi.nitrocdn.com/NqxVMQmcTFWztlsfjbVumopAosqYlLWW/assets/static/optimized/rev-c9d9d72/combinedCss/nitro-min-noimport-4e5db3abf5c48d4be430d89cd311cb9b-stylesheet.css]
[cdn-fljdi.nitrocdn.com/NqxVMQmcTFWztlsfjbVumopAosqYlLWW/assets/static/optimized/rev-c9d9d72/wp-content/plugins/woocommerce/assets/js/flexslider/nitro-min-d5f81ea3f21c4ce149d3db2040229db6.jquery]
[cdn-fljdi.nitrocdn.com/NqxVMQmcTFWztlsfjbVumopAosqYlLWW/assets/static/optimized/rev-c9d9d72/wp-content/themes/oceanwp/assets/js/wp-plugins/woocommerce/nitro-min-46dffa18ab766796b9c1952ced772b9f-3]
[cdn-fljdi.nitrocdn.com/NqxVMQmcTFWztlsfjbVumopAosqYlLWW/assets/static/optimized/rev-c9d9d72/wp-content/plugins/elementor-pro/assets/lib/smartmenus/nitro-min-f269e9a3a80059942775a9c8c2131b2c.jqu]
[cdn-fljdi.nitrocdn.com/NqxVMQmcTFWztlsfjbVumopAosqYlLWW/assets/static/optimized/rev-c9d9d72/wp-content/plugins/instagram-feed-pro/js/nitro-min-fc7a0ef2c7bce2ccea0fe3d78afa5ee2.sbi-scripts.min.5]
[cdn-fljdi.nitrocdn.com/NqxVMQmcTFWztlsfjbVumopAosqYlLWW/assets/static/optimized/rev-c9d9d72/combinedCss/nitro-min-noimport-711c386e7304d8a38c8ca2c9b16087f7-stylesheet.css]
[cdn-fljdi.nitrocdn.com/NqxVMQmcTFWztlsfjbVumopAosqYlLWW/assets/static/optimized/rev-c9d9d72/wp-content/plugins/elementor/assets/js/nitro-min-9e9589ecbc54ac17346a5cd641d065b6.webpack.runtime.min]
[cdn-fljdi.nitrocdn.com/NqxVMQmcTFWztlsfjbVumopAosqYlLWW/assets/static/optimized/rev-c9d9d72/wp-content/plugins/elementor/assets/js/nitro-min-9e9589ecbc54ac17346a5cd641d065b6.frontend-modules.mi]
[cdn-fljdi.nitrocdn.com/NqxVMQmcTFWztlsfjbVumopAosqYlLWW/assets/static/optimized/rev-c9d9d72/wp-content/plugins/elementor/assets/lib/waypoints/nitro-min-05dab1e7174ef3cb7c002a1ae16cb972.waypoint]
[cdn-fljdi.nitrocdn.com/NqxVMQmcTFWztlsfjbVumopAosqYlLWW/assets/static/optimized/rev-c9d9d72/wp-content/plugins/elementor/assets/js/nitro-min-9e9589ecbc54ac17346a5cd641d065b6.frontend.min.59.del]
[cdn-fljdi.nitrocdn.com/NqxVMQmcTFWztlsfjbVumopAosqYlLWW/assets/static/optimized/rev-c9d9d72/wp-content/plugins/qi-addons-for-elementor/inc/plugins/elementor/assets/js/nitro-min-6a4d797cb2c4c163]
[cdn-fljdi.nitrocdn.com/NqxVMQmcTFWztlsfjbVumopAosqYlLWW/assets/static/optimized/rev-c9d9d72/wp-content/plugins/elementor-pro/assets/js/nitro-min-9e9589ecbc54ac17346a5cd641d065b6.webpack-pro.run]
[cdn-fljdi.nitrocdn.com/NqxVMQmcTFWztlsfjbVumopAosqYlLWW/assets/static/optimized/rev-c9d9d72/combinedCss/nitro-min-noimport-b119bf7a347baa254195adc7cf2925b7-stylesheet.css]
[cdn-fljdi.nitrocdn.com/NqxVMQmcTFWztlsfjbVumopAosqYlLWW/assets/static/optimized/rev-c9d9d72/combinedCss/nitro-min-noimport-9e413d29ae410148dfb98cab181714dd-stylesheet.css]
[cdn-fljdi.nitrocdn.com/NqxVMQmcTFWztlsfjbVumopAosqYlLWW/assets/static/optimized/rev-c9d9d72/combinedCss/nitro-min-noimport-7a38beefd611d914044c087aefbf5b26-stylesheet.css]
[cdn-fljdi.nitrocdn.com/NqxVMQmcTFWztlsfjbVumopAosqYlLWW/assets/static/optimized/rev-c9d9d72/wp-content/plugins/elementor-pro/assets/js/nitro-min-9e9589ecbc54ac17346a5cd641d065b6.frontend.min.5c]
[cdn-fljdi.nitrocdn.com/NqxVMQmcTFWztlsfjbVumopAosqYlLWW/assets/static/optimized/rev-c9d9d72/wp-content/plugins/elementskit-lite/widgets/init/assets/js/nitro-min-de393f7bbb5fc3ef1032d5896eb1958a-2]
[cdn-fljdi.nitrocdn.com/NqxVMQmcTFWztlsfjbVumopAosqYlLWW/assets/static/optimized/rev-c9d9d72/wp-content/plugins/elementor-pro/assets/js/nitro-min-9e9589ecbc54ac17346a5cd641d065b6.elements-handle]
[cdn-fljdi.nitrocdn.com/NqxVMQmcTFWztlsfjbVumopAosqYlLWW/assets/static/optimized/rev-c9d9d72/wp-content/plugins/elementskit-lite/widgets/init/assets/js/nitro-min-de393f7bbb5fc3ef1032d5896eb1958a-3]
[cdn-fljdi.nitrocdn.com/NqxVMQmcTFWztlsfjbVumopAosqYlLWW/assets/static/optimized/rev-c9d9d72/combinedCss/nitro-min-noimport-6ba5960144464d1d896c9f85068064b0-stylesheet.css]
[www.sonacereal.com/index.html]
[cdn-fljdi.nitrocdn.com/NqxVMQmcTFWztlsfjbVumopAosqYlLWW/assets/static/optimized/rev-c9d9d72/wp-content/plugins/elementor-pro/assets/lib/sticky/nitro-min-9e9589ecbc54ac17346a5cd641d065b6.jquery]
[cdn-fljdi.nitrocdn.com/NqxVMQmcTFWztlsfjbVumopAosqYlLWW/assets/static/optimized/rev-c9d9d72/wp-content/plugins/woocommerce/assets/js/zoom/nitro-min-584ed3d1bc5bd6917d357b35dd1127c1.jquery.zoom]
[cdn-fljdi.nitrocdn.com/NqxVMQmcTFWztlsfjbVumopAosqYlLWW/assets/static/optimized/rev-c9d9d72/wp-content/plugins/woocommerce/assets/js/photoswipe/nitro-min-e32b29d8a182a23fd78eaae191e7d50c.photos]
[www.sonacereal.com/o,baseURI.html]
[www.sonacereal.com/GET.html]
[www.sonacereal.com/Edge/index.html]
[www.sonacereal.com/wp-includes/wlwmanifest.html]
[cdn-fljdi.nitrocdn.com/NqxVMQmcTFWztlsfjbVumopAosqYlLWW/assets/static/optimized/rev-c9d9d72/wp-content/plugins/qi-addons-for-elementor/assets/plugins/swiper/nitro-min-6a4d797cb2c4c163caae73cbfa]
[cdn-fljdi.nitrocdn.com/NqxVMQmcTFWztlsfjbVumopAosqYlLWW/assets/static/optimized/rev-c9d9d72/wp-content/plugins/woocommerce/assets/js/photoswipe/nitro-min-e32b29d8a182a23fd78eaae191e7d50c-2.photos]
[cdn-fljdi.nitrocdn.com/NqxVMQmcTFWztlsfjbVumopAosqYlLWW/assets/static/optimized/rev-c9d9d72/wp-content/plugins/woocommerce/assets/js/frontend/nitro-min-823d1cac4bbf35005429fe38312b2937.single-p]
[www.sonacereal.com/enquiry/o,baseURI.70.delayed]
[www.sonacereal.com/enquiry/GET.71.delayed]
[www.sonacereal.com/wp-content/uploads/2022/02/enquiry-banner.jpg]
[www.sonacereal.com/enquiry/Edge/index.html]
[www.sonacereal.com/wp-content/uploads/2022/02/bg-brand.jpg]
[www.sonacereal.com/wp-json/wp/v2/pages/673.json]
[www.sonacereal.com/wp-json/oembed/1.0/embed7b61.json]
[www.sonacereal.com/wp-json/oembed/1.0/embed737d]
[www.sonacereal.com/enquiry/_data_image/gif;base64,R0lGODlhAQABAIABAAAAAP/yH5BAEAAAEALAAAAAABAAEAAAICTAEAOw==.79.delayed]
[www.sonacereal.com/enquiry/POST.7a.delayed]
[cdn-fljdi.nitrocdn.com/NqxVMQmcTFWztlsfjbVumopAosqYlLWW/assets/static/optimized/rev-c9d9d72/wp-content/plugins/wpforms/assets/js/nitro-min-3a924d8f0fa8fb7b50442e8302229989.wpforms.js]
[cdn-fljdi.nitrocdn.com/NqxVMQmcTFWztlsfjbVumopAosqYlLWW/assets/static/optimized/rev-c9d9d72/combinedCss/nitro-min-noimport-e04eacf0282fbf9c6ef5b7e368dc3607-stylesheet.css]
[cdn-fljdi.nitrocdn.com/NqxVMQmcTFWztlsfjbVumopAosqYlLWW/assets/static/optimized/rev-c9d9d72/wp-content/plugins/wpforms/assets/js/integrations/nitro-min-3a924d8f0fa8fb7b50442e8302229989.wpforms-]
[cdn-fljdi.nitrocdn.com/NqxVMQmcTFWztlsfjbVumopAosqYlLWW/assets/static/optimized/rev-c9d9d72/wp-content/plugins/wpforms/pro/assets/js/vendor/nitro-min-c0f490c6f07df5f0aaca7636abc795e5.jquery.int]
[cdn-fljdi.nitrocdn.com/NqxVMQmcTFWztlsfjbVumopAosqYlLWW/assets/static/optimized/rev-c9d9d72/combinedCss/nitro-min-noimport-7b1f16fc93bb6c5156f3be5511eb4847-stylesheet.css]
[www.sonacereal.com/enquiry/index.html]
[cdn-fljdi.nitrocdn.com/NqxVMQmcTFWztlsfjbVumopAosqYlLWW/assets/static/optimized/rev-c9d9d72/combinedCss/nitro-min-noimport-67c3885c9d05c059a05f64a7fc661852-stylesheet.css]
[cdn-fljdi.nitrocdn.com/NqxVMQmcTFWztlsfjbVumopAosqYlLWW/assets/static/optimized/rev-c9d9d72/combinedCss/nitro-min-noimport-3d84e1275dfc91c12fbda726390bf1aa-stylesheet.css]
[www.sonacereal.com/_data_image/gif;base64,R0lGODlhAQABAIABAAAAAP/yH5BAEAAAEALAAAAAABAAEAAAICTAEAOw==.html]
[cdn-fljdi.nitrocdn.com/NqxVMQmcTFWztlsfjbVumopAosqYlLWW/assets/static/optimized/rev-c9d9d72/wp-content/plugins/wpforms/assets/js/nitro-min-b3a60e4d602da9f04eb745de045196b0.jquery.validate.min.7]
[cdn-fljdi.nitrocdn.com/NqxVMQmcTFWztlsfjbVumopAosqYlLWW/assets/static/optimized/rev-c9d9d72/wp-content/plugins/wpforms/assets/js/nitro-min-cfa979a50bc656a2e115eae1b8838e63.mailcheck.min.81.dela]
[cdn-fljdi.nitrocdn.com/NqxVMQmcTFWztlsfjbVumopAosqYlLWW/assets/static/optimized/rev-c9d9d72/wp-content/plugins/wpforms/assets/js/nitro-min-860399804e35347f6eb323360562421d.jquery.inputmask.bund]
[www.sonacereal.com/about/o,baseURI.86.delayed]
[www.sonacereal.com/about/GET.87.delayed]
[cdn-fljdi.nitrocdn.com/NqxVMQmcTFWztlsfjbVumopAosqYlLWW/assets/static/optimized/rev-c9d9d72/wp-content/uploads/2022/02/bg.jpg]
[www.sonacereal.com/wp-json/wp/v2/pages/296.json]
[www.sonacereal.com/about/Edge/index.html]
[www.sonacereal.com/wp-json/oembed/1.0/embed064b.json]
[www.sonacereal.com/wp-json/oembed/1.0/embede76e]
[www.sonacereal.com/about/_data_image/gif;base64,R0lGODlhAQABAIABAAAAAP/yH5BAEAAAEALAAAAAABAAEAAAICTAEAOw==.8e.delayed]
[www.sonacereal.com/about/POST.8f.delayed]
[cdn-fljdi.nitrocdn.com/NqxVMQmcTFWztlsfjbVumopAosqYlLWW/assets/static/optimized/rev-c9d9d72/combinedCss/nitro-min-noimport-060a841083798c02f9b5168da69713df-stylesheet.css]
[www.sonacereal.com/about/index.html]
[cdn-fljdi.nitrocdn.com/NqxVMQmcTFWztlsfjbVumopAosqYlLWW/assets/static/optimized/rev-c9d9d72/combinedCss/nitro-min-noimport-6d8e35696b32c6e2caf43307d9ce63c2-stylesheet.css]
[www.sonacereal.com/brands/o,baseURI.92.delayed]
[www.sonacereal.com/brands/GET.93.delayed]
[www.sonacereal.com/wp-json/wp/v2/pages/1148.json]
[www.sonacereal.com/brands/Edge/index.html]
[www.sonacereal.com/wp-json/oembed/1.0/embedef4c.json]
[www.sonacereal.com/wp-json/oembed/1.0/embed8afd]
[www.sonacereal.com/brands/_data_image/gif;base64,R0lGODlhAQABAIABAAAAAP/yH5BAEAAAEALAAAAAABAAEAAAICTAEAOw==.99.delayed]
[www.sonacereal.com/brands/POST.9a.delayed]
[www.sonacereal.com/product/red-rose-mini-tibar/index.html]
[www.sonacereal.com/product/red-rose-rozana-rice/index.html]
[www.sonacereal.com/product/red-rose-heritage/index.html]
[www.sonacereal.com/product/red-rose-brown/index.html]
[www.sonacereal.com/product/gunjal-delight/index.html]
[cdn-fljdi.nitrocdn.com/NqxVMQmcTFWztlsfjbVumopAosqYlLWW/assets/static/optimized/rev-c9d9d72/combinedCss/nitro-min-noimport-7e8894c71795bd05f05a294613213c03-stylesheet.css]
[www.sonacereal.com/product/gunjal-royal/index.html]
[www.sonacereal.com/product/gunjal-premium/index.html]
[cdn-fljdi.nitrocdn.com/NqxVMQmcTFWztlsfjbVumopAosqYlLWW/assets/static/optimized/rev-c9d9d72/wp-content/uploads/essential-addons-elementor/nitro-min-4598f74758859434d5962860dae6e39d.eael-1148.9b]
[cdn-fljdi.nitrocdn.com/NqxVMQmcTFWztlsfjbVumopAosqYlLWW/assets/static/optimized/rev-c9d9d72/wp-content/plugins/elementor/assets/lib/font-awesome/js/nitro-min-7661f6611f1b74081f75027c003de92d.v4]
[cdn-fljdi.nitrocdn.com/NqxVMQmcTFWztlsfjbVumopAosqYlLWW/assets/static/optimized/rev-c9d9d72/combinedCss/nitro-min-noimport-d4d3d5727a546bf81c41b985e3552240-stylesheet.css]
[www.sonacereal.com/brands/index.html]
[cdn-fljdi.nitrocdn.com/NqxVMQmcTFWztlsfjbVumopAosqYlLWW/assets/static/optimized/rev-c9d9d72/combinedCss/nitro-min-noimport-647ffd0f81f1b70fd6c148effa2b3448-stylesheet.css]
[www.sonacereal.com/shop/o,baseURI.a0.delayed]
[www.sonacereal.com/shop/GET.a1.delayed]
[www.sonacereal.com/wp-content/uploads/2022/03/distributor.jpg]
[www.sonacereal.com/shop/Edge/index.html]
[www.sonacereal.com/shop/feed/index.html]
[www.sonacereal.com/shop/_data_image/gif;base64,R0lGODlhAQABAIABAAAAAP/yH5BAEAAAEALAAAAAABAAEAAAICTAEAOw==.a5.delayed]
[www.sonacereal.com/shop/index63a9.html]
[www.sonacereal.com/shop/index456e.html]
[www.sonacereal.com/shop/index5b4b.html]
[www.sonacereal.com/shop/index0f33.html]
[www.sonacereal.com/shop/index.html]
[cdn-fljdi.nitrocdn.com/NqxVMQmcTFWztlsfjbVumopAosqYlLWW/assets/static/optimized/rev-c9d9d72/wp-content/plugins/qi-addons-for-elementor/inc/masonry/assets/js/plugins/nitro-min-6a4d797cb2c4c163ca-2]
[cdn-fljdi.nitrocdn.com/NqxVMQmcTFWztlsfjbVumopAosqYlLWW/assets/static/optimized/rev-c9d9d72/wp-content/plugins/qi-addons-for-elementor/assets/plugins/fslightbox/nitro-min-6a4d797cb2c4c163caae73]
[cdn-fljdi.nitrocdn.com/NqxVMQmcTFWztlsfjbVumopAosqYlLWW/assets/static/optimized/rev-c9d9d72/wp-content/plugins/qi-addons-for-elementor/inc/masonry/assets/js/plugins/nitro-min-6a4d797cb2c4c163ca]
[www.sonacereal.com/product/red-rose-royal/index.html]
[www.sonacereal.com/technology/o,baseURI.ab.delayed]
[www.sonacereal.com/technology/GET.ac.delayed]
[cdn-fljdi.nitrocdn.com/NqxVMQmcTFWztlsfjbVumopAosqYlLWW/assets/static/optimized/rev-c9d9d72/wp-content/uploads/2022/02/tech-bg-banner.jpg]
[www.sonacereal.com/technology/Edge/index.html]
[www.sonacereal.com/wp-json/wp/v2/pages/646.json]
[www.sonacereal.com/wp-json/oembed/1.0/embed630e.json]
[www.sonacereal.com/wp-json/oembed/1.0/embede867]
[www.sonacereal.com/technology/_data_image/gif;base64,R0lGODlhAQABAIABAAAAAP/yH5BAEAAAEALAAAAAABAAEAAAICTAEAOw==.b3.delayed]
[www.sonacereal.com/technology/POST.b4.delayed]
[cdn-fljdi.nitrocdn.com/NqxVMQmcTFWztlsfjbVumopAosqYlLWW/assets/static/optimized/rev-c9d9d72/wp-content/uploads/essential-addons-elementor/nitro-min-bbb227f9ade83dfe914d3d6149a34278.eael-646.b5]
[cdn-fljdi.nitrocdn.com/NqxVMQmcTFWztlsfjbVumopAosqYlLWW/assets/static/optimized/rev-c9d9d72/combinedCss/nitro-min-noimport-7da0b13f811b79e97756eeb7cc1ec3b4-stylesheet.css]
[cdn-fljdi.nitrocdn.com/NqxVMQmcTFWztlsfjbVumopAosqYlLWW/assets/static/optimized/rev-c9d9d72/combinedCss/nitro-min-noimport-d2e5fbedfe5f6d31e248aec23db6fa69-stylesheet.css]
[www.sonacereal.com/technology/index.html]
[cdn-fljdi.nitrocdn.com/NqxVMQmcTFWztlsfjbVumopAosqYlLWW/assets/static/optimized/rev-c9d9d72/combinedCss/nitro-min-noimport-49c5ce50879df08ba7c06c30d9f2c7f7-stylesheet.css]
[www.sonacereal.com/contact/o,baseURI.b9.delayed]
[www.sonacereal.com/contact/GET.ba.delayed]
[cdn-fljdi.nitrocdn.com/NqxVMQmcTFWztlsfjbVumopAosqYlLWW/assets/static/optimized/rev-c9d9d72/wp-content/uploads/2022/02/banner.jpg]
[www.sonacereal.com/wp-json/wp/v2/pages/432.json]
[www.sonacereal.com/contact/Edge/index.html]
[www.sonacereal.com/wp-json/oembed/1.0/embedf86d.json]
[www.sonacereal.com/wp-json/oembed/1.0/embed8f21]
[www.sonacereal.com/contact/_data_image/gif;base64,R0lGODlhAQABAIABAAAAAP/yH5BAEAAAEALAAAAAABAAEAAAICTAEAOw==.c1.delayed]
[www.sonacereal.com/contact/POST.c2.delayed]
[cdn-fljdi.nitrocdn.com/NqxVMQmcTFWztlsfjbVumopAosqYlLWW/assets/static/optimized/rev-c9d9d72/combinedCss/nitro-min-noimport-1fb4b4727cf43a70b984bc5a587b805f-stylesheet.css]
[www.sonacereal.com/contact/index.html]
[cdn-fljdi.nitrocdn.com/NqxVMQmcTFWztlsfjbVumopAosqYlLWW/assets/static/optimized/rev-c9d9d72/combinedCss/nitro-min-noimport-2f11d9da1f9816932a75e7c41b7000df-stylesheet.css]
[www.sonacereal.com/wp-includes/js/jquery/jquery.mina7a0.js]
[www.sonacereal.com/wp-includes/js/jquery/jquery-migrate.mind617.js]
[www.sonacereal.com/wp-json/wp/v2/pages/8.json]
[www.sonacereal.com/wp-json/oembed/1.0/embede73d.json]
[www.sonacereal.com/wp-json/oembed/1.0/embed368b]
[www.sonacereal.com/wp-content/uploads/2022/02/jullian-Personal-Use-Onlyttf.ttf]
[www.sonacereal.com/wp-content/uploads/2022/04/favicon.png]
[www.sonacereal.com/wp-content/uploads/2022/02/logo-blank.png]
[www.sonacereal.com/wp-content/uploads/2022/01/loo.jpg]
[www.sonacereal.com/my-account/lost-password/index.html]
[www.sonacereal.com/wp-content/plugins/woocommerce/assets/js/accounting/accounting.minaffb.js]
[www.sonacereal.com/wp-content/plugins/woocommerce/assets/js/selectWoo/selectWoo.full.minf988.js]
[www.sonacereal.com/wp-content/plugins/yith-woocommerce-ajax-navigation/assets/js/yith-wcan-shortcodes.minf77d.js]
[www.sonacereal.com/wp-content/plugins/revslider/public/assets/js/rbtools.min109c.js]
[www.sonacereal.com/wp-content/plugins/revslider/public/assets/js/rs6.min109c.js]
[www.sonacereal.com/wp-content/plugins/woocommerce/assets/js/jquery-blockui/jquery.blockUI.mindc32.js]
[www.sonacereal.com/wp-content/plugins/woocommerce/assets/js/frontend/add-to-cart.min823d.js]
[www.sonacereal.com/wp-content/plugins/woocommerce/assets/js/js-cookie/js.cookie.minc599.js]
[www.sonacereal.com/wp-content/plugins/woocommerce/assets/js/frontend/woocommerce.min823d.js]
[www.sonacereal.com/wp-content/plugins/woocommerce/assets/js/frontend/cart-fragments.min823d.js]
[www.sonacereal.com/wp-includes/js/jquery/ui/core.min3f14.js]
[www.sonacereal.com/wp-content/plugins/qi-addons-for-elementor/assets/js/main.min6a4d.js]
[www.sonacereal.com/wp-includes/js/underscore.mind584.js]
[www.sonacereal.com/wp-includes/js/wp-util.min6a4d.js]
[www.sonacereal.com/wp-includes/js/api-request.min6a4d.js]
[www.sonacereal.com/wp-includes/js/dist/vendor/regenerator-runtime.min3937.js]
[www.sonacereal.com/wp-includes/js/dist/vendor/wp-polyfill.min2c7c.js]
[www.sonacereal.com/wp-includes/js/dist/hooks.min6c65.js]
[www.sonacereal.com/wp-includes/js/dist/i18n.mine57b.js]
[www.sonacereal.com/wp-includes/js/dist/url.minb260.js]
[www.sonacereal.com/wp-includes/js/dist/api-fetch.min0e58.js]
[www.sonacereal.com/wp-includes/js/imagesloaded.mineda1.js]
[www.sonacereal.com/wp-content/themes/oceanwp/assets/js/theme.min46df.js]
[www.sonacereal.com/wp-content/themes/oceanwp/assets/js/drop-down-mobile-menu.min46df.js]
[www.sonacereal.com/wp-content/themes/oceanwp/assets/js/header-replace-search.min46df.js]
[www.sonacereal.com/wp-content/themes/oceanwp/assets/js/vendors/magnific-popup.min46df.js]
[www.sonacereal.com/wp-content/themes/oceanwp/assets/js/ow-lightbox.min46df.js]
[www.sonacereal.com/wp-content/themes/oceanwp/assets/js/vendors/flickity.pkgd.min46df.js]
[www.sonacereal.com/wp-content/themes/oceanwp/assets/js/ow-slider.min46df.js]
[www.sonacereal.com/wp-content/themes/oceanwp/assets/js/scroll-effect.min46df.js]
[www.sonacereal.com/wp-content/themes/oceanwp/assets/js/scroll-top.min46df.js]
[www.sonacereal.com/wp-content/themes/oceanwp/assets/js/select.min46df.js]
[www.sonacereal.com/wp-content/themes/oceanwp/assets/js/wp-plugins/woocommerce/woo-custom-features.min46df.js]
[www.sonacereal.com/wp-content/plugins/elementskit-lite/libs/framework/assets/js/frontend-scriptde39.js]
[www.sonacereal.com/wp-content/plugins/elementskit-lite/widgets/init/assets/js/widget-scriptsde39.js]
[www.sonacereal.com/wp-content/plugins/loftloader/assets/js/loftloader.min3a45.js]
[www.sonacereal.com/wp-content/themes/oceanwp/assets/js/wp-plugins/woocommerce/woo-quick-view.min46df.js]
[www.sonacereal.com/wp-content/plugins/woocommerce/assets/js/frontend/add-to-cart-variation.min823d.js]
[www.sonacereal.com/wp-content/plugins/woocommerce/assets/js/flexslider/jquery.flexslider.mind5f8.js]
[www.sonacereal.com/wp-content/themes/oceanwp/assets/js/wp-plugins/woocommerce/woo-mini-cart.min46df.js]
[www.sonacereal.com/wp-content/plugins/essential-addons-for-elementor-lite/assets/front-end/js/view/general.min7661.js]
[www.sonacereal.com/wp-content/plugins/elementor-pro/assets/lib/smartmenus/jquery.smartmenus.minf269.js]
[www.sonacereal.com/wp-content/plugins/elementor/assets/js/webpack.runtime.min9e95.js]
[www.sonacereal.com/wp-content/plugins/elementor/assets/js/frontend-modules.min9e95.js]
[www.sonacereal.com/wp-content/plugins/elementor/assets/lib/waypoints/waypoints.min05da.js]
[www.sonacereal.com/wp-content/plugins/elementor/assets/js/frontend.min9e95.js]
[www.sonacereal.com/wp-content/plugins/qi-addons-for-elementor/inc/plugins/elementor/assets/js/elementor6a4d.js]
[www.sonacereal.com/wp-content/plugins/elementor-pro/assets/js/webpack-pro.runtime.min9e95.js]
[www.sonacereal.com/wp-content/plugins/elementor-pro/assets/js/frontend.min9e95.js]
[www.sonacereal.com/wp-content/plugins/elementor-pro/assets/js/elements-handlers.min9e95.js]
[www.sonacereal.com/wp-content/plugins/elementskit-lite/widgets/init/assets/js/animate-circlede39.js]
[www.sonacereal.com/wp-content/plugins/elementskit-lite/widgets/init/assets/js/elementorde39.js]
[www.sonacereal.com/wp-content/plugins/qi-addons-for-elementor/assets/plugins/swiper/swiper.min6a4d.js]
[www.sonacereal.com/wp-content/plugins/elementor-pro/assets/lib/sticky/jquery.sticky.min9e95.js]
[www.sonacereal.com/wp-content/plugins/woocommerce/assets/js/zoom/jquery.zoom.min584e.js]
[www.sonacereal.com/wp-content/plugins/woocommerce/assets/js/photoswipe/photoswipe.mine32b.js]
[www.sonacereal.com/wp-content/plugins/woocommerce/assets/js/photoswipe/photoswipe-ui-default.mine32b.js]
[www.sonacereal.com/wp-content/plugins/woocommerce/assets/js/frontend/single-product.min823d.js]
[www.sonacereal.com/my-account/index.html]
[scontent.cdninstagram.com/v/t51.29350-15/295225452_462443498671984_8085493543507699868_ned68.jpg]
[scontent.cdninstagram.com/v/t51.29350-15/294584398_579017520497288_273877730061188375_n7c97.jpg]
[scontent.cdninstagram.com/v/t51.29350-15/293567780_1061020484503956_4739585857516843071_n0fd9.jpg]
[scontent.cdninstagram.com/v/t51.29350-15/292814566_139554595101556_7437693957655331642_n454b.jpg]
[scontent.cdninstagram.com/v/t51.29350-15/291995263_706589377112973_7108515965125072333_n23d3.jpg]
[scontent.cdninstagram.com/v/t51.29350-15/290451189_1225813598221496_38091685815734959_nc4f9.jpg]
[scontent.cdninstagram.com/v/t51.29350-15/289997778_578840147195748_6403388908961950558_n3d92.jpg]
[scontent.cdninstagram.com/v/t51.29350-15/289634118_135448999116920_7154638638427954643_n8b38.jpg]
[scontent.cdninstagram.com/v/t51.29350-15/289659586_1396102720857703_2669247904769911830_n29b0.jpg]
[scontent.cdninstagram.com/v/t51.29350-15/287545972_1471522883307206_7718228776759623829_n4be0.jpg]
[scontent.cdninstagram.com/v/t51.29350-15/285408284_526951782465894_6415367314357968327_ne9e6.jpg]
[scontent.cdninstagram.com/v/t51.29350-15/284144096_671814240783986_4672948659722663143_n226b.jpg]
[scontent.cdninstagram.com/v/t51.29350-15/282020559_742200703486355_6091387988544977863_nba8c.jpg]
[scontent.cdninstagram.com/v/t51.29350-15/281617040_1154156055380322_6022600349333358100_ndccb.jpg]
[scontent.cdninstagram.com/v/t51.29350-15/280708501_674024733697581_276907483043352_n0664.jpg]
[scontent.cdninstagram.com/v/t51.29350-15/280521278_351746770271484_6074346017545391807_n8d32.jpg]
[scontent.cdninstagram.com/v/t51.2885-15/279749252_528696508876143_8233649865297007606_nfa92.jpg]
[scontent.cdninstagram.com/v/t51.29350-15/279678870_165183119283041_9173863279545738707_nccad.jpg]
[scontent.cdninstagram.com/v/t51.2885-15/279471891_822732812033426_4282234579866994751_n6395.jpg]
[scontent.cdninstagram.com/v/t51.2885-15/278876905_661105961651929_6636568860052261196_n0a40.jpg]
[www.sonacereal.com/POST.html]
[www.sonacereal.com/privacy-policy-2/o,baseURI.136.delayed]
[www.sonacereal.com/privacy-policy-2/GET.137.delayed]
[cdn-fljdi.nitrocdn.com/NqxVMQmcTFWztlsfjbVumopAosqYlLWW/assets/static/optimized/rev-c9d9d72/wp-content/uploads/2022/02/banner-policies.jpg]
[www.sonacereal.com/privacy-policy-2/Edge/index.html]
[www.sonacereal.com/wp-json/wp/v2/pages/999.json]
[www.sonacereal.com/wp-json/oembed/1.0/embed64a7.json]
[www.sonacereal.com/wp-json/oembed/1.0/embedc409]
[www.sonacereal.com/privacy-policy-2/_data_image/gif;base64,R0lGODlhAQABAIABAAAAAP/yH5BAEAAAEALAAAAAABAAEAAAICTAEAOw==.13e.delayed]
[www.sonacereal.com/privacy-policy-2/POST.13f.delayed]
[www.sonacereal.com/privacy-policy-2/index.html]
[cdn-fljdi.nitrocdn.com/NqxVMQmcTFWztlsfjbVumopAosqYlLWW/assets/static/optimized/rev-c9d9d72/combinedCss/nitro-min-noimport-802389d57a0434c7580faa941a70a9d2-stylesheet.css]
[www.sonacereal.com/shipping-policy/o,baseURI.141.delayed]
[www.sonacereal.com/shipping-policy/GET.142.delayed]
[cdn-fljdi.nitrocdn.com/NqxVMQmcTFWztlsfjbVumopAosqYlLWW/assets/static/optimized/rev-c9d9d72/wp-content/uploads/2022/01/about-v2-bg.png]
[www.sonacereal.com/wp-json/wp/v2/pages/2256.json]
[www.sonacereal.com/shipping-policy/Edge/index.html]
[www.sonacereal.com/wp-json/oembed/1.0/embeddb1e.json]
[www.sonacereal.com/wp-json/oembed/1.0/embed72a8]
[www.sonacereal.com/shipping-policy/_data_image/gif;base64,R0lGODlhAQABAIABAAAAAP/yH5BAEAAAEALAAAAAABAAEAAAICTAEAOw==.149.delayed]
[www.sonacereal.com/shipping-policy/POST.14a.delayed]
[www.sonacereal.com/shipping-policy/index.html]
[cdn-fljdi.nitrocdn.com/NqxVMQmcTFWztlsfjbVumopAosqYlLWW/assets/static/optimized/rev-c9d9d72/combinedCss/nitro-min-noimport-b4b79f276905a5b6e2bfbd39b14a5bb8-stylesheet.css]
[www.sonacereal.com/wp-json/wp/v2/pages/1008.json]
[www.sonacereal.com/wp-json/oembed/1.0/embedca82.json]
[www.sonacereal.com/wp-json/oembed/1.0/embed6081]
[www.sonacereal.com/refund-policy/POST.150.delayed]
[www.sonacereal.com/refund-policy/index.html]
[www.sonacereal.com/terms-and-condition/o,baseURI.151.delayed]
[www.sonacereal.com/terms-and-condition/GET.152.delayed]
[www.sonacereal.com/wp-json/wp/v2/pages/1006.json]
[www.sonacereal.com/terms-and-condition/Edge/index.html]
[www.sonacereal.com/wp-json/oembed/1.0/embedba2a.json]
[www.sonacereal.com/wp-json/oembed/1.0/embedee18]
[www.sonacereal.com/terms-and-condition/_data_image/gif;base64,R0lGODlhAQABAIABAAAAAP/yH5BAEAAAEALAAAAAABAAEAAAICTAEAOw==.158.delayed]
[www.sonacereal.com/terms-and-condition/POST.159.delayed]
[www.sonacereal.com/terms-and-condition/index.html]
[cdn-fljdi.nitrocdn.com/NqxVMQmcTFWztlsfjbVumopAosqYlLWW/assets/static/optimized/rev-c9d9d72/wp-content/uploads/essential-addons-elementor/nitro-min-f1700366f35bf61b7eb6e3b52fb95da8.eael-2891.4c]
[cdn-fljdi.nitrocdn.com/NqxVMQmcTFWztlsfjbVumopAosqYlLWW/assets/static/optimized/rev-c9d9d72/combinedCss/nitro-min-noimport-1497f31ff607c0441af9587a0d8fc764-stylesheet.css]
[cdn-fljdi.nitrocdn.com/NqxVMQmcTFWztlsfjbVumopAosqYlLWW/assets/static/optimized/rev-c9d9d72/wp-content/plugins/instagram-feed-pro/img/small-logo.png]
[www.sonacereal.com/wp-content/plugins/instagram-feed-pro/css/owl.video.play.15c.delayed]
[cdn-fljdi.nitrocdn.com/NqxVMQmcTFWztlsfjbVumopAosqYlLWW/assets/static/optimized/rev-c9d9d72/combinedCss/nitro-min-noimport-2bb4f365f38965bd572ec77f67df4d7f-stylesheet.css]
[cdn-fljdi.nitrocdn.com/NqxVMQmcTFWztlsfjbVumopAosqYlLWW/assets/static/optimized/rev-c9d9d72/combinedCss/nitro-min-noimport-68fc614fe158a2f4310f65f2d72461bd-stylesheet.css]
[cdn-fljdi.nitrocdn.com/NqxVMQmcTFWztlsfjbVumopAosqYlLWW/assets/static/optimized/rev-c9d9d72/combinedCss/nitro-min-noimport-fd71125883a3c0469b598666f90ed417-stylesheet.css]
[cdn-fljdi.nitrocdn.com/NqxVMQmcTFWztlsfjbVumopAosqYlLWW/assets/static/optimized/rev-c9d9d72/combinedCss/nitro-min-noimport-bd29ad48fd8b400549322018bd8dc7ad-stylesheet.css]
[cdn-fljdi.nitrocdn.com/NqxVMQmcTFWztlsfjbVumopAosqYlLWW/assets/static/optimized/rev-c9d9d72/combinedCss/nitro-min-noimport-4e5db3abf5c48d4be430d89cd311cb9b-stylesheet.css]
[cdn-fljdi.nitrocdn.com/NqxVMQmcTFWztlsfjbVumopAosqYlLWW/assets/static/optimized/rev-c9d9d72/combinedCss/nitro-min-noimport-711c386e7304d8a38c8ca2c9b16087f7-stylesheet.css]
[cdn-fljdi.nitrocdn.com/NqxVMQmcTFWztlsfjbVumopAosqYlLWW/assets/static/optimized/rev-c9d9d72/wp-content/uploads/2022/03/brand-new-2.png]
[cdn-fljdi.nitrocdn.com/NqxVMQmcTFWztlsfjbVumopAosqYlLWW/assets/static/optimized/rev-c9d9d72/wp-content/uploads/2022/03/tech.png]
[cdn-fljdi.nitrocdn.com/NqxVMQmcTFWztlsfjbVumopAosqYlLWW/assets/static/optimized/rev-c9d9d72/wp-content/uploads/2022/02/feature-bg.png]
[cdn-fljdi.nitrocdn.com/NqxVMQmcTFWztlsfjbVumopAosqYlLWW/assets/static/optimized/rev-c9d9d72/wp-content/uploads/2022/03/distributoe-bg.jpg]
[cdn-fljdi.nitrocdn.com/NqxVMQmcTFWztlsfjbVumopAosqYlLWW/assets/static/optimized/rev-c9d9d72/wp-content/uploads/2022/01/ketogenic-diet-breakfast-salt-salmon-salad-with-gr-H6UGHWU.jpg]
[cdn-fljdi.nitrocdn.com/NqxVMQmcTFWztlsfjbVumopAosqYlLWW/assets/static/optimized/rev-c9d9d72/wp-content/uploads/2022/02/b-5.jpg]
[cdn-fljdi.nitrocdn.com/NqxVMQmcTFWztlsfjbVumopAosqYlLWW/assets/static/optimized/rev-c9d9d72/wp-content/plugins/elementskit-lite/widgets/init/assets/img/arrow.png]
[cdn-fljdi.nitrocdn.com/NqxVMQmcTFWztlsfjbVumopAosqYlLWW/assets/static/optimized/rev-c9d9d72/wp-content/plugins/elementskit-lite/widgets/init/assets/img/sort_asc.png]
[www.sonacereal.com/wp-content/plugins/elementskit-lite/widgets/init/assets/img/sort_desc.png]
[cdn-fljdi.nitrocdn.com/NqxVMQmcTFWztlsfjbVumopAosqYlLWW/assets/static/optimized/rev-c9d9d72/wp-content/plugins/elementskit-lite/widgets/init/assets/img/sort_asc_disabled.png]
[cdn-fljdi.nitrocdn.com/NqxVMQmcTFWztlsfjbVumopAosqYlLWW/assets/static/optimized/rev-c9d9d72/wp-content/plugins/ocean-extra/assets/img/instagram-logo.png]
[cdn-fljdi.nitrocdn.com/NqxVMQmcTFWztlsfjbVumopAosqYlLWW/assets/static/optimized/rev-c9d9d72/wp-content/plugins/ocean-extra/assets/img/flickr.png]
[cdn-fljdi.nitrocdn.com/NqxVMQmcTFWztlsfjbVumopAosqYlLWW/assets/static/optimized/rev-c9d9d72/combinedCss/nitro-min-noimport-b119bf7a347baa254195adc7cf2925b7-stylesheet.css]
[cdn-fljdi.nitrocdn.com/NqxVMQmcTFWztlsfjbVumopAosqYlLWW/assets/static/optimized/rev-c9d9d72/combinedCss/nitro-min-noimport-9e413d29ae410148dfb98cab181714dd-stylesheet.css]
[cdn-fljdi.nitrocdn.com/NqxVMQmcTFWztlsfjbVumopAosqYlLWW/assets/static/optimized/rev-c9d9d72/wp-content/plugins/revslider/public/assets/assets/gridtile.png]
[cdn-fljdi.nitrocdn.com/NqxVMQmcTFWztlsfjbVumopAosqYlLWW/assets/static/optimized/rev-c9d9d72/wp-content/plugins/revslider/public/assets/assets/gridtile_white.png]
[cdn-fljdi.nitrocdn.com/NqxVMQmcTFWztlsfjbVumopAosqYlLWW/assets/static/optimized/rev-c9d9d72/wp-content/plugins/revslider/public/assets/assets/gridtile_3x3.png]
[cdn-fljdi.nitrocdn.com/NqxVMQmcTFWztlsfjbVumopAosqYlLWW/assets/static/optimized/rev-c9d9d72/wp-content/plugins/revslider/public/assets/assets/gridtile_3x3_white.png]
[cdn-fljdi.nitrocdn.com/NqxVMQmcTFWztlsfjbVumopAosqYlLWW/assets/static/optimized/rev-c9d9d72/combinedCss/nitro-min-noimport-7a38beefd611d914044c087aefbf5b26-stylesheet.css]
[cdn-fljdi.nitrocdn.com/NqxVMQmcTFWztlsfjbVumopAosqYlLWW/assets/static/optimized/rev-c9d9d72/wp-content/plugins/revslider/public/assets/assets/loader.gif]
[cdn-fljdi.nitrocdn.com/NqxVMQmcTFWztlsfjbVumopAosqYlLWW/assets/static/optimized/rev-c9d9d72/combinedCss/nitro-min-noimport-6ba5960144464d1d896c9f85068064b0-stylesheet.css]
[cdn-fljdi.nitrocdn.com/NqxVMQmcTFWztlsfjbVumopAosqYlLWW/assets/static/optimized/rev-c9d9d72/wp-content/plugins/woocommerce/assets/css/photoswipe/default-skin/preloader.gif]
[www.sonacereal.com/enquiry/o,baseURI.html]
[www.sonacereal.com/enquiry/GET.html]
[www.sonacereal.com/enquiry/Edge/index.html]
[www.sonacereal.com/index8631.html]
[www.sonacereal.com/enquiry/_data_image/gif;base64,R0lGODlhAQABAIABAAAAAP/yH5BAEAAAEALAAAAAABAAEAAAICTAEAOw==.html]
[www.sonacereal.com/enquiry/POST.html]
[cdn-fljdi.nitrocdn.com/NqxVMQmcTFWztlsfjbVumopAosqYlLWW/assets/static/optimized/rev-c9d9d72/wp-content/uploads/essential-addons-elementor/nitro-min-d2e2a63c4ec212cc1b496db2c9730bda.eael-673.7b]
[cdn-fljdi.nitrocdn.com/NqxVMQmcTFWztlsfjbVumopAosqYlLWW/assets/static/optimized/rev-c9d9d72/combinedCss/nitro-min-noimport-e04eacf0282fbf9c6ef5b7e368dc3607-stylesheet.css]
[www.sonacereal.com/wp-content/plugins/wpforms/pro/assets/images/vendor/intl-tel-input-flags.png]
[www.sonacereal.com/wp-content/plugins/wpforms/pro/assets/images/vendor/intl-tel-input-flags@2x.png]
[cdn-fljdi.nitrocdn.com/NqxVMQmcTFWztlsfjbVumopAosqYlLWW/assets/static/optimized/rev-c9d9d72/wp-content/uploads/2022/02/enquiry-banner.jpg]
[cdn-fljdi.nitrocdn.com/NqxVMQmcTFWztlsfjbVumopAosqYlLWW/assets/static/optimized/rev-c9d9d72/wp-content/uploads/2022/02/bg-brand.jpg]
[cdn-fljdi.nitrocdn.com/NqxVMQmcTFWztlsfjbVumopAosqYlLWW/assets/static/optimized/rev-c9d9d72/combinedCss/nitro-min-noimport-3d84e1275dfc91c12fbda726390bf1aa-stylesheet.css]
[cdn-fljdi.nitrocdn.com/NqxVMQmcTFWztlsfjbVumopAosqYlLWW/assets/static/optimized/rev-c9d9d72/combinedCss/nitro-min-noimport-7b1f16fc93bb6c5156f3be5511eb4847-stylesheet.css]
[cdn-fljdi.nitrocdn.com/NqxVMQmcTFWztlsfjbVumopAosqYlLWW/assets/static/optimized/rev-c9d9d72/combinedCss/nitro-min-noimport-67c3885c9d05c059a05f64a7fc661852-stylesheet.css]
[www.sonacereal.com/about/o,baseURI.html]
[www.sonacereal.com/about/GET.html]
[www.sonacereal.com/about/Edge/index.html]
[www.sonacereal.com/index3e8e.html]
[www.sonacereal.com/about/_data_image/gif;base64,R0lGODlhAQABAIABAAAAAP/yH5BAEAAAEALAAAAAABAAEAAAICTAEAOw==.html]
[www.sonacereal.com/about/POST.html]
[cdn-fljdi.nitrocdn.com/NqxVMQmcTFWztlsfjbVumopAosqYlLWW/assets/static/optimized/rev-c9d9d72/combinedCss/nitro-min-noimport-060a841083798c02f9b5168da69713df-stylesheet.css]
[cdn-fljdi.nitrocdn.com/NqxVMQmcTFWztlsfjbVumopAosqYlLWW/assets/static/optimized/rev-c9d9d72/combinedCss/nitro-min-noimport-6d8e35696b32c6e2caf43307d9ce63c2-stylesheet.css]
[www.sonacereal.com/brands/o,baseURI.html]
[www.sonacereal.com/brands/GET.html]
[www.sonacereal.com/brands/Edge/index.html]
[www.sonacereal.com/index6ca6.html]
[www.sonacereal.com/brands/_data_image/gif;base64,R0lGODlhAQABAIABAAAAAP/yH5BAEAAAEALAAAAAABAAEAAAICTAEAOw==.html]
[www.sonacereal.com/product/red-rose-mini-tibar/o,baseURI.177.delayed]
[www.sonacereal.com/product/red-rose-mini-tibar/GET.178.delayed]
[cdn-fljdi.nitrocdn.com/NqxVMQmcTFWztlsfjbVumopAosqYlLWW/assets/static/optimized/rev-c9d9d72/wp-content/uploads/2022/02/rice-product.jpg]
[www.sonacereal.com/product/red-rose-mini-tibar/feed/index.html]
[www.sonacereal.com/product/red-rose-mini-tibar/Edge/index.html]
[www.sonacereal.com/wp-json/wp/v2/product/2624.json]
[www.sonacereal.com/wp-json/oembed/1.0/embed9945.json]
[www.sonacereal.com/wp-json/oembed/1.0/embed09c9]
[www.sonacereal.com/wp-content/plugins/premium-addons-for-elementor/assets/plugins/premium-addons-for-elementor/assets/editor/fonts/pa-elements.17dc940.delayed]
[www.sonacereal.com/product/red-rose-mini-tibar/_data_image/gif;base64,R0lGODlhAQABAIABAAAAAP/yH5BAEAAAEALAAAAAABAAEAAAICTAEAOw==.180.delayed]
[cdn-fljdi.nitrocdn.com/NqxVMQmcTFWztlsfjbVumopAosqYlLWW/assets/static/optimized/rev-c9d9d72/wp-content/uploads/2022/03/red-rose-classic-5kg.jpg]
[www.sonacereal.com/product/red-rose-mini-tibar/POST.182.delayed]
[cdn-fljdi.nitrocdn.com/NqxVMQmcTFWztlsfjbVumopAosqYlLWW/assets/static/optimized/rev-c9d9d72/wp-includes/js/nitro-min-6a4d797cb2c4c163caae73cbfa55efa1.comment-reply.min.js]
[cdn-fljdi.nitrocdn.com/NqxVMQmcTFWztlsfjbVumopAosqYlLWW/assets/static/optimized/rev-c9d9d72/combinedCss/nitro-min-noimport-3f62626f2fd41a852e13818cfae0854b-stylesheet.css]
[cdn-fljdi.nitrocdn.com/NqxVMQmcTFWztlsfjbVumopAosqYlLWW/assets/static/optimized/rev-c9d9d72/wp-content/plugins/premium-addons-for-elementor/assets/frontend/min-js/nitro-min-0d1cd6c37288eb7236e1-2]
[www.sonacereal.com/product/red-rose-mini-tibar/index.html]
[cdn-fljdi.nitrocdn.com/NqxVMQmcTFWztlsfjbVumopAosqYlLWW/assets/static/optimized/rev-c9d9d72/combinedCss/nitro-min-noimport-a900406b4349f478b2fe17c1887d9274-stylesheet.css]
[cdn-fljdi.nitrocdn.com/NqxVMQmcTFWztlsfjbVumopAosqYlLWW/assets/static/optimized/rev-c9d9d72/wp-content/plugins/premium-addons-for-elementor/assets/frontend/min-js/nitro-min-0d1cd6c37288eb7236e1-3]
[cdn-fljdi.nitrocdn.com/NqxVMQmcTFWztlsfjbVumopAosqYlLWW/assets/static/optimized/rev-c9d9d72/wp-content/themes/oceanwp/assets/js/wp-plugins/woocommerce/nitro-min-46dffa18ab766796b9c1952ced772b9f-4]
[cdn-fljdi.nitrocdn.com/NqxVMQmcTFWztlsfjbVumopAosqYlLWW/assets/static/optimized/rev-c9d9d72/wp-content/plugins/premium-addons-for-elementor/assets/frontend/min-js/nitro-min-0d1cd6c37288eb7236e1]
[www.sonacereal.com/product/red-rose-rozana-rice/o,baseURI.18a.delayed]
[www.sonacereal.com/product/red-rose-rozana-rice/GET.18b.delayed]
[www.sonacereal.com/wp-json/wp/v2/product/2625.json]
[www.sonacereal.com/product/red-rose-rozana-rice/Edge/index.html]
[www.sonacereal.com/product/red-rose-rozana-rice/feed/index.html]
[www.sonacereal.com/wp-json/oembed/1.0/embedd750.json]
[www.sonacereal.com/wp-json/oembed/1.0/embed2e94]
[www.sonacereal.com/product/red-rose-rozana-rice/_data_image/gif;base64,R0lGODlhAQABAIABAAAAAP/yH5BAEAAAEALAAAAAABAAEAAAICTAEAOw==.191.delayed]
[cdn-fljdi.nitrocdn.com/NqxVMQmcTFWztlsfjbVumopAosqYlLWW/assets/static/optimized/rev-c9d9d72/wp-content/uploads/2022/03/red-rose-premium-5kg-.jpg]
[www.sonacereal.com/product/red-rose-rozana-rice/POST.193.delayed]
[www.sonacereal.com/product/red-rose-rozana-rice/index.html]
[www.sonacereal.com/product/red-rose-heritage/o,baseURI.194.delayed]
[www.sonacereal.com/product/red-rose-heritage/GET.195.delayed]
[www.sonacereal.com/wp-json/wp/v2/product/2620.json]
[www.sonacereal.com/product/red-rose-heritage/feed/index.html]
[www.sonacereal.com/product/red-rose-heritage/Edge/index.html]
[www.sonacereal.com/wp-json/oembed/1.0/embed22a6.json]
[www.sonacereal.com/wp-json/oembed/1.0/embedbf56]
[www.sonacereal.com/product/red-rose-heritage/_data_image/gif;base64,R0lGODlhAQABAIABAAAAAP/yH5BAEAAAEALAAAAAABAAEAAAICTAEAOw==.19b.delayed]
[cdn-fljdi.nitrocdn.com/NqxVMQmcTFWztlsfjbVumopAosqYlLWW/assets/static/optimized/rev-c9d9d72/wp-content/uploads/2022/03/red-rose-everyday-10kg.jpg]
[www.sonacereal.com/product/red-rose-heritage/POST.19d.delayed]
[www.sonacereal.com/product/red-rose-heritage/index.html]
[www.sonacereal.com/product/red-rose-brown/feed/index.html]
[www.sonacereal.com/wp-json/wp/v2/product/1905.json]
[www.sonacereal.com/wp-json/oembed/1.0/embedc737.json]
[www.sonacereal.com/wp-json/oembed/1.0/embedfc1d]
[www.sonacereal.com/wp-content/uploads/2022/03/red-rose-classic-10kg.jpg]
[www.sonacereal.com/wp-content/uploads/2022/03/red-rose-classic-10kg-600x600.jpg]
[www.sonacereal.com/wp-content/uploads/2022/03/red-rose-classic-5kg.jpg]
[www.sonacereal.com/wp-content/uploads/2022/03/red-rose-premium-5kg-.jpg]
[www.sonacereal.com/wp-content/uploads/2022/03/red-rose-everyday-10kg.jpg]
[www.sonacereal.com/wp-content/uploads/2022/03/red-rose-everyday-10kg-2.jpg]
[www.sonacereal.com/product/red-rose-brown/POST.1a9.delayed]
[www.sonacereal.com/wp-includes/js/comment-reply.min6a4d.js]
[www.sonacereal.com/wp-content/themes/oceanwp/assets/js/wp-plugins/woocommerce/woo-floating-bar.min46df.js]
[www.sonacereal.com/wp-content/plugins/premium-addons-for-elementor/assets/frontend/min-js/isotope.min0d1c.js]
[www.sonacereal.com/wp-content/plugins/premium-addons-for-elementor/assets/frontend/min-js/slick.min0d1c.js]
[www.sonacereal.com/wp-content/plugins/premium-addons-for-elementor/assets/frontend/min-js/premium-woo-products.min0d1c.js]
[www.sonacereal.com/product/red-rose-brown/index.html]
[www.sonacereal.com/wp-json/wp/v2/product/1855.json]
[www.sonacereal.com/product/gunjal-delight/feed/index.html]
[www.sonacereal.com/wp-json/oembed/1.0/embeda1e3.json]
[www.sonacereal.com/wp-json/oembed/1.0/embed6498]
[www.sonacereal.com/wp-content/uploads/2022/02/converted-2.jpg]
[www.sonacereal.com/wp-content/uploads/2022/03/gunjal-royal-1kg-.jpg]
[www.sonacereal.com/wp-content/uploads/2022/03/gunjal-royal-5kg.jpg]
[www.sonacereal.com/wp-content/uploads/2022/03/gunjal-premim-2.jpg]
[www.sonacereal.com/product/gunjal-delight/POST.1b9.delayed]
[www.sonacereal.com/product/gunjal-delight/index.html]
[www.sonacereal.com/product/gunjal-royal/feed/index.html]
[www.sonacereal.com/wp-json/wp/v2/product/1837.json]
[www.sonacereal.com/wp-json/oembed/1.0/embed2596.json]
[www.sonacereal.com/wp-json/oembed/1.0/embed7a53]
[www.sonacereal.com/wp-content/uploads/2022/03/gunjal-royal-1kg--600x600.jpg]
[www.sonacereal.com/wp-content/uploads/2022/03/gunjal-royal-5kg-600x600.jpg]
[www.sonacereal.com/wp-content/uploads/2022/03/gunjal-royal-10kg.jpg]
[www.sonacereal.com/wp-content/uploads/2022/03/gunjal-royal-10kg-600x600.jpg]
[www.sonacereal.com/product/gunjal-royal/POST.1c1.delayed]
[www.sonacereal.com/product/gunjal-royal/index.html]
[www.sonacereal.com/wp-json/wp/v2/product/1828.json]
[www.sonacereal.com/product/gunjal-premium/feed/index.html]
[www.sonacereal.com/wp-json/oembed/1.0/embedbd5f.json]
[www.sonacereal.com/wp-json/oembed/1.0/embedb91a]
[www.sonacereal.com/wp-content/uploads/2022/03/gunjal-premim-600x600.jpg]
[www.sonacereal.com/wp-content/uploads/2022/03/gunjal-premim-2-600x600.jpg]
[www.sonacereal.com/wp-content/uploads/2022/03/gunjal-premim-3.jpg]
[www.sonacereal.com/wp-content/uploads/2022/03/gunjal-premim-3-600x600.jpg]
[www.sonacereal.com/wp-content/uploads/2022/03/gunjal-premim-6.jpg]
[www.sonacereal.com/wp-content/uploads/2022/03/gunjal-premim-6-600x600.jpg]
[www.sonacereal.com/wp-content/uploads/2022/03/gunjal-premim-4.jpg]
[www.sonacereal.com/wp-content/uploads/2022/03/gunjal-premim-4-600x600.jpg]
[www.sonacereal.com/wp-content/uploads/2022/03/gunjal-premim-5.jpg]
[www.sonacereal.com/wp-content/uploads/2022/03/gunjal-premim-5-600x600.jpg]
[www.sonacereal.com/product/gunjal-premium/POST.1cf.delayed]
[www.sonacereal.com/product/gunjal-premium/index.html]
[www.sonacereal.com/brands/POST.html]
[cdn-fljdi.nitrocdn.com/NqxVMQmcTFWztlsfjbVumopAosqYlLWW/assets/static/optimized/rev-c9d9d72/combinedCss/nitro-min-noimport-7e8894c71795bd05f05a294613213c03-stylesheet.css]
[cdn-fljdi.nitrocdn.com/NqxVMQmcTFWztlsfjbVumopAosqYlLWW/assets/static/optimized/rev-c9d9d72/wp-admin/images/spinner.gif]
[cdn-fljdi.nitrocdn.com/NqxVMQmcTFWztlsfjbVumopAosqYlLWW/assets/static/optimized/rev-c9d9d72/combinedCss/nitro-min-noimport-d4d3d5727a546bf81c41b985e3552240-stylesheet.css]
[cdn-fljdi.nitrocdn.com/NqxVMQmcTFWztlsfjbVumopAosqYlLWW/assets/static/optimized/rev-c9d9d72/combinedCss/nitro-min-noimport-647ffd0f81f1b70fd6c148effa2b3448-stylesheet.css]
[www.sonacereal.com/shop/o,baseURI.html]
[www.sonacereal.com/shop/GET.html]
[www.sonacereal.com/shop/Edge/index.html]
[www.sonacereal.com/shop/_data_image/gif;base64,R0lGODlhAQABAIABAAAAAP/yH5BAEAAAEALAAAAAABAAEAAAICTAEAOw==.html]
[www.sonacereal.com/shop/indexa0f3.html]
[www.sonacereal.com/shop/index9b6f.html]
[www.sonacereal.com/shop/index4e0e.html]
[www.sonacereal.com/wp-json/wp/v2/product_cat/30.json]
[www.sonacereal.com/wp-content/uploads/2022/03/red-rose-classic-1kg.jpg]
[www.sonacereal.com/shop/index6b95.html]
[www.sonacereal.com/shop/index2a8c.html]
[www.sonacereal.com/shop/indexf748.html]
[www.sonacereal.com/wp-content/uploads/2022/03/red-rose-royal-1kg.jpg]
[www.sonacereal.com/wp-content/plugins/qi-addons-for-elementor/assets/plugins/fslightbox/fslightbox.min6a4d.js]
[www.sonacereal.com/shop/index1160.html]
[www.sonacereal.com/wp-content/plugins/qi-addons-for-elementor/inc/masonry/assets/js/plugins/isotope.pkgd.min6a4d.js]
[www.sonacereal.com/shop/index5b4b.html]
[www.sonacereal.com/shop/index63a9.html]
[www.sonacereal.com/shop/index456e.html]
[www.sonacereal.com/wp-content/uploads/2022/03/durga-5kg.jpg]
[www.sonacereal.com/shop/index0f33.html]
[www.sonacereal.com/shop/index3239.html]
[www.sonacereal.com/shop/index4bfb.html]
[www.sonacereal.com/shop/index8e3c.html]
[www.sonacereal.com/product/dilkhush-premium/index.html]
[www.sonacereal.com/product/durga/index.html]
[www.sonacereal.com/product/red-rose-everday/index.html]
[www.sonacereal.com/product/red-rose-classic/index.html]
[www.sonacereal.com/product/red-rose-premium/index.html]
[www.sonacereal.com/product/red-rose-royal/o,baseURI.1da.delayed]
[www.sonacereal.com/product/red-rose-royal/GET.1db.delayed]
[www.sonacereal.com/product/red-rose-royal/Edge/index.html]
[www.sonacereal.com/product/red-rose-royal/feed/index.html]
[www.sonacereal.com/wp-json/wp/v2/product/1856.json]
[www.sonacereal.com/wp-json/oembed/1.0/embede628.json]
[www.sonacereal.com/wp-json/oembed/1.0/embed31a8]
[www.sonacereal.com/product/red-rose-royal/_data_image/gif;base64,R0lGODlhAQABAIABAAAAAP/yH5BAEAAAEALAAAAAABAAEAAAICTAEAOw==.1e1.delayed]
[cdn-fljdi.nitrocdn.com/NqxVMQmcTFWztlsfjbVumopAosqYlLWW/assets/static/optimized/rev-c9d9d72/wp-content/uploads/2022/03/red-rose-royal-1kg.jpg]
[cdn-fljdi.nitrocdn.com/NqxVMQmcTFWztlsfjbVumopAosqYlLWW/assets/static/optimized/rev-c9d9d72/wp-content/uploads/2022/03/red-rose-royal-5kg.jpg]
[cdn-fljdi.nitrocdn.com/NqxVMQmcTFWztlsfjbVumopAosqYlLWW/assets/static/optimized/rev-c9d9d72/wp-content/uploads/2022/03/red-rose-royal-10kg.jpg]
[www.sonacereal.com/product/red-rose-royal/POST.1e5.delayed]
[www.sonacereal.com/product/red-rose-royal/index.html]
[www.sonacereal.com/technology/o,baseURI.html]
[www.sonacereal.com/technology/GET.html]
[www.sonacereal.com/technology/Edge/index.html]
[www.sonacereal.com/index8bcd.html]
[www.sonacereal.com/technology/_data_image/gif;base64,R0lGODlhAQABAIABAAAAAP/yH5BAEAAAEALAAAAAABAAEAAAICTAEAOw==.html]
[www.sonacereal.com/technology/POST.html]
[cdn-fljdi.nitrocdn.com/NqxVMQmcTFWztlsfjbVumopAosqYlLWW/assets/static/optimized/rev-c9d9d72/combinedCss/nitro-min-noimport-7da0b13f811b79e97756eeb7cc1ec3b4-stylesheet.css]
[cdn-fljdi.nitrocdn.com/NqxVMQmcTFWztlsfjbVumopAosqYlLWW/assets/static/optimized/rev-c9d9d72/combinedCss/nitro-min-noimport-22666aa5f38878b71400bbf3ba92c46e-stylesheet.css]
[cdn-fljdi.nitrocdn.com/NqxVMQmcTFWztlsfjbVumopAosqYlLWW/assets/static/optimized/rev-c9d9d72/wp-content/uploads/revslider/slider-2/rose-bg.jpg]
[cdn-fljdi.nitrocdn.com/NqxVMQmcTFWztlsfjbVumopAosqYlLWW/assets/static/optimized/rev-c9d9d72/combinedCss/nitro-min-noimport-d2e5fbedfe5f6d31e248aec23db6fa69-stylesheet.css]
[cdn-fljdi.nitrocdn.com/NqxVMQmcTFWztlsfjbVumopAosqYlLWW/assets/static/optimized/rev-c9d9d72/combinedCss/nitro-min-noimport-49c5ce50879df08ba7c06c30d9f2c7f7-stylesheet.css]
[www.sonacereal.com/contact/o,baseURI.html]
[www.sonacereal.com/contact/GET.html]
[www.sonacereal.com/contact/Edge/index.html]
[www.sonacereal.com/indexecc4.html]
[www.sonacereal.com/contact/_data_image/gif;base64,R0lGODlhAQABAIABAAAAAP/yH5BAEAAAEALAAAAAABAAEAAAICTAEAOw==.html]
[www.sonacereal.com/contact/POST.html]
[cdn-fljdi.nitrocdn.com/NqxVMQmcTFWztlsfjbVumopAosqYlLWW/assets/static/optimized/rev-c9d9d72/wp-content/uploads/essential-addons-elementor/nitro-min-e295cbb9825e1bf63fa1d783d12eb1fc.eael-432.c3]
[cdn-fljdi.nitrocdn.com/NqxVMQmcTFWztlsfjbVumopAosqYlLWW/assets/static/optimized/rev-c9d9d72/combinedCss/nitro-min-noimport-1fb4b4727cf43a70b984bc5a587b805f-stylesheet.css]
[cdn-fljdi.nitrocdn.com/NqxVMQmcTFWztlsfjbVumopAosqYlLWW/assets/static/optimized/rev-c9d9d72/combinedCss/nitro-min-noimport-2f11d9da1f9816932a75e7c41b7000df-stylesheet.css]
[www.sonacereal.com/shop/POST.html]
[www.sonacereal.com/wp-content/plugins/instagram-feed-pro/img/sbi-sprite.png]
[www.sonacereal.com/wp-content/plugins/instagram-feed-pro/img/small-logo.png]
[www.sonacereal.com/wp-content/plugins/instagram-feed-pro/css/sbi-styles.minfc7a.css]
[www.sonacereal.com/wp-includes/css/dist/block-library/style.min6a4d.css]
[www.sonacereal.com/wp-content/plugins/woocommerce/packages/woocommerce-blocks/build/wc-blocks-vendors-style2ff6.css]
[www.sonacereal.com/wp-content/plugins/woocommerce/packages/woocommerce-blocks/build/wc-blocks-style2ff6.css]
[www.sonacereal.com/wp-content/plugins/yith-woocommerce-ajax-navigation/assets/css/shortcodesf77d.css]
[www.sonacereal.com/wp-includes/css/classic-themes.min68b3.css]
[www.sonacereal.com/wp-content/plugins/woocommerce/assets/css/select2823d.css]
[www.sonacereal.com/wp-content/plugins/qi-addons-for-elementor/assets/plugins/swiper/swiper.min6a4d.css]
[www.sonacereal.com/wp-content/plugins/qi-addons-for-elementor/assets/css/grid.min6a4d.css]
[www.sonacereal.com/wp-content/plugins/qi-addons-for-elementor/assets/css/helper-parts.min6a4d.css]
[www.sonacereal.com/wp-content/plugins/qi-addons-for-elementor/assets/css/main.min6a4d.css]
[www.sonacereal.com/wp-content/plugins/woo-variation-swatches/assets/css/frontend.min2719.css]
[www.sonacereal.com/wp-content/themes/oceanwp/assets/css/woo/woo-mini-cart.min6a4d.css]
[www.sonacereal.com/wp-content/themes/oceanwp/assets/fonts/fontawesome/webfonts/fa-brands-400.eot]
[www.sonacereal.com/wp-content/themes/oceanwp/assets/fonts/fontawesome/webfonts/fa-brands-400d41d.eot]
[www.sonacereal.com/wp-content/themes/oceanwp/assets/fonts/fontawesome/webfonts/fa-brands-400.woff2]
[www.sonacereal.com/wp-content/themes/oceanwp/assets/fonts/fontawesome/webfonts/fa-brands-400.woff]
[www.sonacereal.com/wp-content/themes/oceanwp/assets/fonts/fontawesome/webfonts/fa-brands-400.ttf]
[www.sonacereal.com/wp-content/themes/oceanwp/assets/fonts/fontawesome/webfonts/fa-regular-400.eot]
[www.sonacereal.com/wp-content/themes/oceanwp/assets/fonts/fontawesome/webfonts/fa-regular-400d41d.eot]
[www.sonacereal.com/wp-content/themes/oceanwp/assets/fonts/fontawesome/webfonts/fa-regular-400.woff2]
[www.sonacereal.com/wp-content/themes/oceanwp/assets/fonts/fontawesome/webfonts/fa-regular-400.woff]
[www.sonacereal.com/wp-content/themes/oceanwp/assets/fonts/fontawesome/webfonts/fa-regular-400.ttf]
[www.sonacereal.com/wp-content/themes/oceanwp/assets/fonts/fontawesome/webfonts/fa-solid-900.eot]
[www.sonacereal.com/wp-content/themes/oceanwp/assets/fonts/fontawesome/webfonts/fa-solid-900d41d.eot]
[www.sonacereal.com/wp-content/themes/oceanwp/assets/fonts/fontawesome/webfonts/fa-solid-900.woff2]
[www.sonacereal.com/wp-content/themes/oceanwp/assets/fonts/fontawesome/webfonts/fa-solid-900.woff]
[www.sonacereal.com/wp-content/themes/oceanwp/assets/fonts/fontawesome/webfonts/fa-solid-900.ttf]
[www.sonacereal.com/wp-content/themes/oceanwp/assets/fonts/fontawesome/css/all.min9e0b.css]
[www.sonacereal.com/wp-content/themes/oceanwp/assets/fonts/simple-line-icons/Simple-Line-Iconsb26c.eot]
[www.sonacereal.com/wp-content/themes/oceanwp/assets/fonts/simple-line-icons/Simple-Line-Iconsb26c.woff2]
[www.sonacereal.com/wp-content/themes/oceanwp/assets/fonts/simple-line-icons/Simple-Line-Iconsb26c.ttf]
[www.sonacereal.com/wp-content/themes/oceanwp/assets/fonts/simple-line-icons/Simple-Line-Iconsb26c.woff]
[www.sonacereal.com/wp-content/themes/oceanwp/assets/css/third/simple-line-icons.min8d5a.css]
[www.sonacereal.com/wp-content/themes/oceanwp/assets/css/style.min46df.css]
[www.sonacereal.com/wp-content/uploads/oceanwp-webfonts-css/8418d50ed7fbb57d0a1ca0704632f6016a4d.css]
[www.sonacereal.com/wp-content/uploads/oceanwp-webfonts/Z9XTDmdMWRiN1_T9Z7Tc2O6slg.ttf]
[www.sonacereal.com/wp-content/plugins/elementor/assets/lib/eicons/fonts/eicons1075.eot]
[www.sonacereal.com/wp-content/plugins/elementor/assets/lib/eicons/fonts/eicons1075.woff2]
[www.sonacereal.com/wp-content/plugins/elementor/assets/lib/eicons/fonts/eicons1075.woff]
[www.sonacereal.com/wp-content/plugins/elementor/assets/lib/eicons/fonts/eicons1075.ttf]
[www.sonacereal.com/wp-content/plugins/elementor/assets/lib/eicons/css/elementor-icons.min91ce.css]
[www.sonacereal.com/wp-content/plugins/elementor/assets/css/frontend-lite.min9e95.css]
[www.sonacereal.com/wp-content/uploads/elementor/css/post-12ab9f.css]
[www.sonacereal.com/wp-content/plugins/elementor-pro/assets/css/frontend-lite.min9e95.css]
[www.sonacereal.com/wp-content/uploads/elementor/css/globale1e8.css]
[www.sonacereal.com/wp-content/uploads/2022/02/checkout-banner.jpg]
[www.sonacereal.com/wp-content/uploads/2022/02/Albra-Black.ttf]
[www.sonacereal.com/wp-content/uploads/2022/02/Albra-Bold.ttf]
[www.sonacereal.com/wp-content/uploads/2022/02/Albra-Light.ttf]
[www.sonacereal.com/wp-content/uploads/2022/02/Albra-Medium.ttf]
[www.sonacereal.com/wp-content/uploads/2022/02/Albra-Regular.ttf]
[www.sonacereal.com/wp-content/uploads/2022/02/Ilisarniq-Regular.ttf]
[www.sonacereal.com/wp-content/uploads/2022/02/Ilisarniq-Light.ttf]
[www.sonacereal.com/wp-content/uploads/2022/02/Ilisarniq-Bold.ttf]
[www.sonacereal.com/wp-content/uploads/elementor/css/post-8b6b5.css]
[www.sonacereal.com/wp-content/uploads/elementor/css/post-102164cb.css]
[www.sonacereal.com/wp-content/uploads/2022/01/about-v2-bg.png]
[www.sonacereal.com/wp-content/uploads/elementor/css/post-7864cb.css]
[www.sonacereal.com/wp-content/plugins/elementskit-lite/modules/elementskit-icon-pack/assets/fonts/elementskit97ac.woff]
[www.sonacereal.com/wp-content/plugins/elementskit-lite/modules/elementskit-icon-pack/assets/css/ekiticonsde39.css]
[www.sonacereal.com/wp-content/plugins/loftloader/assets/css/loftloader.min3a45.css]
[www.sonacereal.com/wp-content/themes/oceanwp/assets/css/woo/woocommerce.min6a4d.css]
[www.sonacereal.com/wp-content/themes/oceanwp/assets/fonts/star/star.eot]
[www.sonacereal.com/wp-content/themes/oceanwp/assets/fonts/star/stard41d.eot]
[www.sonacereal.com/wp-content/themes/oceanwp/assets/fonts/star/star.woff]
[www.sonacereal.com/wp-content/themes/oceanwp/assets/fonts/star/star.ttf]
[www.sonacereal.com/wp-content/themes/oceanwp/assets/css/woo/woo-star-font.min6a4d.css]
[www.sonacereal.com/wp-content/themes/oceanwp/assets/css/woo/woo-quick-view.min6a4d.css]
[www.sonacereal.com/wp-content/plugins/elementskit-lite/widgets/init/assets/img/arrow.png]
[www.sonacereal.com/wp-content/plugins/elementskit-lite/widgets/init/assets/img/sort_asc.png]
[www.sonacereal.com/wp-content/plugins/elementskit-lite/widgets/init/assets/img/sort_asc_disabled.png]
[www.sonacereal.com/wp-content/plugins/elementskit-lite/widgets/init/assets/css/widget-stylesde39.css]
[www.sonacereal.com/wp-content/plugins/elementskit-lite/widgets/init/assets/css/responsivede39.css]
[www.sonacereal.com/wp-content/plugins/essential-addons-for-elementor-lite/assets/front-end/css/view/general.min7661.css]
[www.sonacereal.com/wp-content/plugins/ocean-extra/assets/css/widgets6a4d.css]
[www.sonacereal.com/wp-content/plugins/elementor/assets/lib/font-awesome/css/fontawesome.min52d5.css]
[www.sonacereal.com/wp-content/plugins/ocean-extra/assets/img/flickr.png]
[www.sonacereal.com/wp-content/plugins/elementor/assets/lib/font-awesome/webfonts/fa-solid-900.eot]
[www.sonacereal.com/wp-content/plugins/elementor/assets/lib/font-awesome/webfonts/fa-solid-900d41d.eot]
[www.sonacereal.com/wp-content/plugins/elementor/assets/lib/font-awesome/css/solid.min52d5.css]
[www.sonacereal.com/wp-content/plugins/elementor/assets/lib/font-awesome/webfonts/fa-regular-400d41d.eot]
[www.sonacereal.com/wp-content/plugins/elementor/assets/lib/font-awesome/webfonts/fa-regular-400.woff2]
[www.sonacereal.com/wp-content/plugins/elementor/assets/lib/font-awesome/webfonts/fa-regular-400.woff]
[www.sonacereal.com/wp-content/plugins/elementor/assets/lib/font-awesome/webfonts/fa-regular-400.ttf]
[www.sonacereal.com/wp-content/plugins/elementor/assets/lib/font-awesome/css/regular.min52d5.css]
[www.sonacereal.com/index2df4.html]
[www.sonacereal.com/wp-content/plugins/elementor-pro/assets/css/widget-nav-menu.min.css]
[www.sonacereal.com/wp-content/plugins/elementor-pro/assets/css/widget-woocommerce.min.css]
[www.sonacereal.com/wp-content/plugins/elementor/assets/css/widget-icon-list.min.css]
[www.sonacereal.com/wp-includes/js/zxcvbn-async.min5152.js]
[www.sonacereal.com/wp-content/plugins/woocommerce/assets/js/frontend/password-strength-meter.min823d.js]
[www.sonacereal.com/wp-content/plugins/woocommerce/assets/js/frontend/lost-password.min823d.js]
[www.sonacereal.com/my-account/lost-password/index.html]
[www.sonacereal.com/wp-content/plugins/elementor/assets/lib/animations/animations.min9e95.css]
[www.sonacereal.com/wp-content/plugins/revslider/public/assets/fonts/revicons/revicons90c6.eot]
[www.sonacereal.com/wp-content/plugins/revslider/public/assets/fonts/revicons/revicons90c6.woff]
[www.sonacereal.com/wp-content/plugins/revslider/public/assets/fonts/revicons/revicons90c6.ttf]
[www.sonacereal.com/wp-content/plugins/revslider/public/assets/assets/gridtile.png]
[www.sonacereal.com/wp-content/plugins/revslider/public/assets/assets/gridtile_white.png]
[www.sonacereal.com/wp-content/plugins/revslider/public/assets/assets/gridtile_3x3.png]
[www.sonacereal.com/wp-content/plugins/revslider/public/assets/assets/gridtile_3x3_white.png]
[www.sonacereal.com/wp-content/plugins/revslider/public/assets/assets/coloredbg.png]
[www.sonacereal.com/wp-content/plugins/revslider/public/assets/assets/loader.gif]
[www.sonacereal.com/wp-content/plugins/revslider/public/assets/css/rs6109c.css]
[www.sonacereal.com/wp-content/plugins/woocommerce/assets/css/photoswipe/default-skin/default-skin.png]
[www.sonacereal.com/wp-content/plugins/woocommerce/assets/css/photoswipe/photoswipe.min823d.css]
[www.sonacereal.com/wp-content/plugins/woocommerce/assets/css/photoswipe/default-skin/preloader.gif]
[www.sonacereal.com/wp-content/plugins/woocommerce/assets/css/photoswipe/default-skin/default-skin.min823d.css]
[www.sonacereal.com/privacy-policy-2/o,baseURI.html]
[www.sonacereal.com/privacy-policy-2/GET.html]
[www.sonacereal.com/privacy-policy-2/Edge/index.html]
[www.sonacereal.com/index58aa.html]
[www.sonacereal.com/privacy-policy-2/_data_image/gif;base64,R0lGODlhAQABAIABAAAAAP/yH5BAEAAAEALAAAAAABAAEAAAICTAEAOw==.html]
[www.sonacereal.com/privacy-policy-2/POST.html]
[cdn-fljdi.nitrocdn.com/NqxVMQmcTFWztlsfjbVumopAosqYlLWW/assets/static/optimized/rev-c9d9d72/combinedCss/nitro-min-noimport-802389d57a0434c7580faa941a70a9d2-stylesheet.css]
[www.sonacereal.com/shipping-policy/o,baseURI.html]
[www.sonacereal.com/shipping-policy/GET.html]
[www.sonacereal.com/shipping-policy/Edge/index.html]
[www.sonacereal.com/index6806.html]
[www.sonacereal.com/shipping-policy/_data_image/gif;base64,R0lGODlhAQABAIABAAAAAP/yH5BAEAAAEALAAAAAABAAEAAAICTAEAOw==.html]
[www.sonacereal.com/shipping-policy/POST.html]
[cdn-fljdi.nitrocdn.com/NqxVMQmcTFWztlsfjbVumopAosqYlLWW/assets/static/optimized/rev-c9d9d72/combinedCss/nitro-min-noimport-b4b79f276905a5b6e2bfbd39b14a5bb8-stylesheet.css]
[www.sonacereal.com/wp-content/plugins/woo-variation-swatches/assets/js/frontend.min2719.js]
[www.sonacereal.com/wp-content/uploads/elementor/css/post-1008fa5f.css]
[www.sonacereal.com/index4192.html]
[www.sonacereal.com/refund-policy/POST.html]
[www.sonacereal.com/terms-and-condition/o,baseURI.html]
[www.sonacereal.com/terms-and-condition/GET.html]
[www.sonacereal.com/terms-and-condition/Edge/index.html]
[www.sonacereal.com/index846b.html]
[www.sonacereal.com/terms-and-condition/_data_image/gif;base64,R0lGODlhAQABAIABAAAAAP/yH5BAEAAAEALAAAAAABAAEAAAICTAEAOw==.html]
[www.sonacereal.com/terms-and-condition/POST.html]
[www.sonacereal.com/wp-content/uploads/2022/02/banner-policies.jpg]
[cdn-fljdi.nitrocdn.com/NqxVMQmcTFWztlsfjbVumopAosqYlLWW/assets/static/optimized/rev-c9d9d72/combinedCss/nitro-min-noimport-1497f31ff607c0441af9587a0d8fc764-stylesheet.css]
[www.sonacereal.com/wp-content/plugins/instagram-feed-pro/css/owl.video.play.html]
[cdn-fljdi.nitrocdn.com/NqxVMQmcTFWztlsfjbVumopAosqYlLWW/assets/static/optimized/rev-c9d9d72/combinedCss/openhand.cur]
[cdn-fljdi.nitrocdn.com/NqxVMQmcTFWztlsfjbVumopAosqYlLWW/assets/static/optimized/rev-c9d9d72/combinedCss/closedhand.cur]
[cdn-fljdi.nitrocdn.com/NqxVMQmcTFWztlsfjbVumopAosqYlLWW/assets/static/optimized/rev-c9d9d72/assets/coloredbg.png]
[www.sonacereal.com/wp-content/plugins/woocommerce/assets/css/photoswipe/default-skin/default-skin.svg]
[www.sonacereal.com/product/red-rose-mini-tibar/o,baseURI.html]
[www.sonacereal.com/product/red-rose-mini-tibar/GET.html]
[www.sonacereal.com/product/red-rose-mini-tibar/Edge/index.html]
[www.sonacereal.com/indexb4b8.html]
[www.sonacereal.com/wp-content/plugins/premium-addons-for-elementor/assets/plugins/premium-addons-for-elementor/assets/editor/fonts/pa-elementsc940.html]
[www.sonacereal.com/product/red-rose-mini-tibar/_data_image/gif;base64,R0lGODlhAQABAIABAAAAAP/yH5BAEAAAEALAAAAAABAAEAAAICTAEAOw==.html]
[www.sonacereal.com/product/red-rose-mini-tibar/POST.html]
[cdn-fljdi.nitrocdn.com/NqxVMQmcTFWztlsfjbVumopAosqYlLWW/assets/static/optimized/rev-c9d9d72/combinedCss/nitro-min-noimport-3f62626f2fd41a852e13818cfae0854b-stylesheet.css]
[cdn-fljdi.nitrocdn.com/NqxVMQmcTFWztlsfjbVumopAosqYlLWW/assets/static/optimized/rev-c9d9d72/combinedCss/nitro-min-noimport-a900406b4349f478b2fe17c1887d9274-stylesheet.css]
[www.sonacereal.com/product/red-rose-rozana-rice/o,baseURI.html]
[www.sonacereal.com/product/red-rose-rozana-rice/GET.html]
[www.sonacereal.com/product/red-rose-rozana-rice/Edge/index.html]
[www.sonacereal.com/index37f0.html]
[www.sonacereal.com/product/red-rose-rozana-rice/_data_image/gif;base64,R0lGODlhAQABAIABAAAAAP/yH5BAEAAAEALAAAAAABAAEAAAICTAEAOw==.html]
[www.sonacereal.com/product/red-rose-rozana-rice/POST.html]
[www.sonacereal.com/product/red-rose-heritage/o,baseURI.html]
[www.sonacereal.com/product/red-rose-heritage/GET.html]
[www.sonacereal.com/product/red-rose-heritage/Edge/index.html]
[www.sonacereal.com/index4cdb.html]
[www.sonacereal.com/product/red-rose-heritage/_data_image/gif;base64,R0lGODlhAQABAIABAAAAAP/yH5BAEAAAEALAAAAAABAAEAAAICTAEAOw==.html]
[www.sonacereal.com/product/red-rose-heritage/POST.html]
[www.sonacereal.com/wp-content/uploads/elementor/css/post-864f51d.css]
[www.sonacereal.com/wp-content/themes/oceanwp/assets/css/woo/woo-floating-bar.min6a4d.css]
[www.sonacereal.com/indexa693.html]
[www.sonacereal.com/product/red-rose-brown/POST.html]
[www.sonacereal.com/wp-content/plugins/premium-addons-for-elementor/assets/frontend/min-css/slick.min0d1c.css]
[www.sonacereal.com/wp-content/uploads/2022/02/rice-product.jpg]
[www.sonacereal.com/wp-content/plugins/premium-addons-for-elementor/assets/editor/fonts/pa-elementsc940.eot]
[www.sonacereal.com/wp-content/plugins/premium-addons-for-elementor/assets/editor/fonts/pa-elementsc940.ttf]
[www.sonacereal.com/wp-content/plugins/premium-addons-for-elementor/assets/editor/fonts/pa-elementsc940.woff]
[www.sonacereal.com/wp-content/plugins/premium-addons-for-elementor/assets/plugins/premium-addons-for-elementor/assets/editor/fonts/pa-elements.245c940.delayed]
[www.sonacereal.com/wp-content/plugins/premium-addons-for-elementor/assets/plugins/premium-addons-for-elementor/assets/editor/fonts/pa-elements.246c940.delayed]
[www.sonacereal.com/wp-content/plugins/premium-addons-for-elementor/assets/plugins/premium-addons-for-elementor/assets/editor/fonts/pa-elements.247c940.delayed]
[www.sonacereal.com/wp-content/plugins/premium-addons-for-elementor/assets/frontend/min-css/premium-addons.min0d1c.css]
[www.sonacereal.com/index6ca8.html]
[www.sonacereal.com/product/gunjal-delight/POST.html]
[www.sonacereal.com/index4e0b.html]
[www.sonacereal.com/product/gunjal-royal/POST.html]
[www.sonacereal.com/index9732.html]
[www.sonacereal.com/product/gunjal-premium/POST.html]
[www.sonacereal.com/wp-content/uploads/2022/03/gunjal-premim.jpg]
[www.sonacereal.com/shop/index4e0e.html]
[www.sonacereal.com/wp-json/wp/v2/product_cat/36.json]
[www.sonacereal.com/shop/index9b6f.html]
[www.sonacereal.com/wp-json/wp/v2/product_cat/31.json]
[www.sonacereal.com/shop/indexa0f3.html]
[www.sonacereal.com/wp-content/uploads/elementor/css/post-846007f.css]
[www.sonacereal.com/wp-json/wp/v2/product_cat/29.json]
[www.sonacereal.com/wp-content/plugins/elementor/assets/lib/font-awesome/webfonts/fa-brands-400.eot]
[www.sonacereal.com/wp-content/plugins/elementor/assets/lib/font-awesome/webfonts/fa-brands-400d41d.eot]
[www.sonacereal.com/wp-content/plugins/elementor/assets/lib/font-awesome/webfonts/fa-brands-400.woff2]
[www.sonacereal.com/wp-content/plugins/elementor/assets/lib/font-awesome/webfonts/fa-brands-400.woff]
[www.sonacereal.com/wp-content/plugins/elementor/assets/lib/font-awesome/webfonts/fa-brands-400.ttf]
[www.sonacereal.com/wp-content/plugins/elementor/assets/lib/font-awesome/css/brands.min52d5.css]
[www.sonacereal.com/shop/indexf748.html]
[www.sonacereal.com/shop/index6b95.html]
[www.sonacereal.com/shop/index2a8c.html]
[www.sonacereal.com/shop/indexfad4.html]
[www.sonacereal.com/shop/indexc8f5.html]
[www.sonacereal.com/shop/index1160.html]
[www.sonacereal.com/shop/indexa40f.html]
[www.sonacereal.com/shop/indexcfcc.html]
[www.sonacereal.com/shop/indexf99b.html]
[www.sonacereal.com/wp-content/plugins/qi-addons-for-elementor/inc/masonry/assets/js/plugins/packery-mode.pkgd.min6a4d.js]
[www.sonacereal.com/shop/index6d2f.html]
[www.sonacereal.com/shop/index87e0.html]
[www.sonacereal.com/shop/indexcfea.html]
[www.sonacereal.com/shop/index3239.html]
[www.sonacereal.com/shop/index4423.html]
[www.sonacereal.com/shop/indexe2f0.html]
[www.sonacereal.com/shop/index8e3c.html]
[www.sonacereal.com/shop/index9d1b.html]
[www.sonacereal.com/shop/index4bfb.html]
[www.sonacereal.com/shop/indexedfb.html]
[www.sonacereal.com/shop/indexb1f0.html]
[www.sonacereal.com/shop/indexe45f.html]
[www.sonacereal.com/shop/indexa3b5.html]
[www.sonacereal.com/shop/indexad0d.html]
[www.sonacereal.com/wp-json/wp/v2/product/1907.json]
[www.sonacereal.com/shop/index2bda.html]
[www.sonacereal.com/product/durga/feed/index.html]
[www.sonacereal.com/wp-json/oembed/1.0/embeda537.json]
[www.sonacereal.com/wp-json/oembed/1.0/embed8fcb]
[www.sonacereal.com/wp-content/uploads/2022/03/durga-5kg-600x600.jpg]
[www.sonacereal.com/wp-content/uploads/2022/03/durga-5kg-2.jpg]
[www.sonacereal.com/wp-content/uploads/2022/03/durga-5kg-2-600x600.jpg]
[www.sonacereal.com/wp-content/uploads/2022/03/durga-5kg-3.jpg]
[www.sonacereal.com/wp-content/uploads/2022/03/durga-5kg-3-600x600.jpg]
[www.sonacereal.com/wp-content/uploads/2022/03/durga-5kg-4.jpg]
[www.sonacereal.com/wp-content/uploads/2022/03/durga-5kg-4-600x600.jpg]
[www.sonacereal.com/product/durga/POST.25b.delayed]
[www.sonacereal.com/product/durga/index.html]
[www.sonacereal.com/wp-json/wp/v2/product/1906.json]
[www.sonacereal.com/product/dilkhush-premium/feed/index.html]
[www.sonacereal.com/wp-json/oembed/1.0/embeda3a7.json]
[www.sonacereal.com/wp-json/oembed/1.0/embed86cf]
[www.sonacereal.com/wp-content/uploads/2022/03/red-rose-everyday-10kg-2-600x600.jpg]
[www.sonacereal.com/product/dilkhush-premium/POST.260.delayed]
[www.sonacereal.com/product/dilkhush-premium/index.html]
[www.sonacereal.com/product/red-rose-everday/o,baseURI.261.delayed]
[www.sonacereal.com/product/red-rose-everday/GET.262.delayed]
[www.sonacereal.com/product/red-rose-everday/feed/index.html]
[www.sonacereal.com/wp-json/wp/v2/product/1899.json]
[www.sonacereal.com/wp-json/oembed/1.0/embedd5e7.json]
[cdn-fljdi.nitrocdn.com/NqxVMQmcTFWztlsfjbVumopAosqYlLWW/assets/static/optimized/rev-c9d9d72/wp-content/uploads/2022/03/red-rose-everyday-10kg-4.jpg]
[cdn-fljdi.nitrocdn.com/NqxVMQmcTFWztlsfjbVumopAosqYlLWW/assets/static/optimized/rev-c9d9d72/wp-content/uploads/2022/03/red-rose-everyday-10kg-3.jpg]
[www.sonacereal.com/product/red-rose-everday/POST.26c.delayed]
[www.sonacereal.com/product/red-rose-everday/index.html]
[www.sonacereal.com/product/red-rose-classic/o,baseURI.26d.delayed]
[www.sonacereal.com/product/red-rose-classic/GET.26e.delayed]
[www.sonacereal.com/product/red-rose-classic/feed/index.html]
[www.sonacereal.com/wp-json/wp/v2/product/1880.json]
[www.sonacereal.com/product/red-rose-classic/Edge/index.html]
[www.sonacereal.com/wp-json/oembed/1.0/embed9e3f.json]
[www.sonacereal.com/wp-json/oembed/1.0/embedfc20]
[www.sonacereal.com/product/red-rose-classic/_data_image/gif;base64,R0lGODlhAQABAIABAAAAAP/yH5BAEAAAEALAAAAAABAAEAAAICTAEAOw==.274.delayed]
[cdn-fljdi.nitrocdn.com/NqxVMQmcTFWztlsfjbVumopAosqYlLWW/assets/static/optimized/rev-c9d9d72/wp-content/uploads/2022/03/red-rose-classic-1kg.jpg]
[cdn-fljdi.nitrocdn.com/NqxVMQmcTFWztlsfjbVumopAosqYlLWW/assets/static/optimized/rev-c9d9d72/wp-content/uploads/2022/03/red-rose-classic-10kg.jpg]
[www.sonacereal.com/product/red-rose-classic/POST.277.delayed]
[www.sonacereal.com/product/red-rose-classic/index.html]
[www.sonacereal.com/wp-json/wp/v2/product/1875.json]
[www.sonacereal.com/product/red-rose-premium/feed/index.html]
[www.sonacereal.com/wp-json/oembed/1.0/embedf050.json]
[www.sonacereal.com/wp-json/oembed/1.0/embed8c7c]
[www.sonacereal.com/wp-content/uploads/2022/03/red-rose-premium-5kg--600x600.jpg]
[www.sonacereal.com/product/red-rose-premium/POST.27c.delayed]
[www.sonacereal.com/product/red-rose-premium/index.html]
[www.sonacereal.com/product/red-rose-royal/o,baseURI.html]
[www.sonacereal.com/product/red-rose-royal/GET.html]
[www.sonacereal.com/product/red-rose-royal/Edge/index.html]
[www.sonacereal.com/index5d1c.html]
[www.sonacereal.com/product/red-rose-royal/_data_image/gif;base64,R0lGODlhAQABAIABAAAAAP/yH5BAEAAAEALAAAAAABAAEAAAICTAEAOw==.html]
[www.sonacereal.com/product/red-rose-royal/POST.html]
[www.sonacereal.com/shop/POST.html]
[cdn-fljdi.nitrocdn.com/NqxVMQmcTFWztlsfjbVumopAosqYlLWW/assets/static/optimized/rev-c9d9d72/wp-content/uploads/2022/03/distributor.jpg]
[cdn-fljdi.nitrocdn.com/NqxVMQmcTFWztlsfjbVumopAosqYlLWW/assets/static/optimized/rev-c9d9d72/combinedCss/nitro-min-noimport-22666aa5f38878b71400bbf3ba92c46e-stylesheet.css]
[www.sonacereal.com/wp-content/plugins/yith-woocommerce-ajax-navigation/assets/images/arrow-down.svg]
[www.sonacereal.com/wp-content/plugins/yith-woocommerce-ajax-navigation/assets/images/arrow-up.svg]
[www.sonacereal.com/wp-content/plugins/yith-woocommerce-ajax-navigation/assets/images/close.svg]
[www.sonacereal.com/wp-content/plugins/yith-woocommerce-ajax-navigation/assets/images/search.svg]
[www.sonacereal.com/wp-content/plugins/yith-woocommerce-ajax-navigation/assets/images/check.svg]
[www.sonacereal.com/wp-content/plugins/yith-woocommerce-ajax-navigation/assets/images/filters.svg]
[www.sonacereal.com/wp-content/themes/oceanwp/assets/fonts/fontawesome/webfonts/fa-brands-400.svg]
[www.sonacereal.com/wp-content/themes/oceanwp/assets/fonts/fontawesome/webfonts/fa-regular-400.svg]
[www.sonacereal.com/wp-content/themes/oceanwp/assets/fonts/fontawesome/webfonts/fa-solid-900.svg]
[www.sonacereal.com/wp-content/themes/oceanwp/assets/fonts/simple-line-icons/Simple-Line-Iconsb26c.svg]
[www.sonacereal.com/wp-content/plugins/elementor/assets/lib/eicons/fonts/eicons1075.svg]
[www.sonacereal.com/wp-content/themes/oceanwp/assets/fonts/star/star.svg]
[www.sonacereal.com/wp-content/plugins/elementor/assets/lib/font-awesome/webfonts/fa-solid-900d41d.eot]
[www.sonacereal.com/wp-content/plugins/elementor/assets/lib/font-awesome/webfonts/fa-solid-900.woff2]
[www.sonacereal.com/wp-content/plugins/ocean-extra/assets/img/instagram-logo.png]
[www.sonacereal.com/wp-content/plugins/elementor/assets/lib/font-awesome/webfonts/fa-solid-900.woff]
[www.sonacereal.com/wp-content/plugins/elementor/assets/lib/font-awesome/webfonts/fa-solid-900.ttf]
[www.sonacereal.com/wp-content/plugins/elementor/assets/lib/font-awesome/webfonts/fa-regular-400.svg]
[www.sonacereal.com/wp-content/plugins/revslider/public/assets/fonts/revicons/revicons90c6.svg]
[www.sonacereal.com/wp-content/plugins/revslider/public/assets/css/openhand.html]
[www.sonacereal.com/wp-content/plugins/revslider/public/assets/css/closedhand.html]
[www.sonacereal.com/wp-content/plugins/premium-addons-for-elementor/assets/editor/fonts/pa-elementsc940.svg]
[www.sonacereal.com/wp-content/plugins/premium-addons-for-elementor/assets/plugins/premium-addons-for-elementor/assets/editor/fonts/pa-elementsc940-2.html]
[www.sonacereal.com/wp-content/plugins/premium-addons-for-elementor/assets/plugins/premium-addons-for-elementor/assets/editor/fonts/pa-elementsc940-3.html]
[www.sonacereal.com/wp-content/plugins/premium-addons-for-elementor/assets/plugins/premium-addons-for-elementor/assets/editor/fonts/pa-elementsc940-4.html]
[www.sonacereal.com/wp-content/plugins/elementor/assets/lib/font-awesome/webfonts/fa-brands-400.svg]
[www.sonacereal.com/shop/indexa40f.html]
[www.sonacereal.com/wp-content/plugins/elementor/assets/lib/font-awesome/webfonts/fa-regular-400.eot]
[www.sonacereal.com/shop/indexfad4.html]
[www.sonacereal.com/shop/indexc8f5.html]
[www.sonacereal.com/shop/indexdf97.html]
[www.sonacereal.com/shop/indexcfcc.html]
[www.sonacereal.com/shop/index5650.html]
[www.sonacereal.com/shop/indexf99b.html]
[www.sonacereal.com/shop/index561f.html]
[www.sonacereal.com/shop/index6d2f.html]
[www.sonacereal.com/shop/index92e2.html]
[www.sonacereal.com/shop/index87e0.html]
[www.sonacereal.com/shop/indexc57d.html]
[www.sonacereal.com/shop/indexcfea.html]
[www.sonacereal.com/shop/index4423.html]
[www.sonacereal.com/shop/index5ba6.html]
[www.sonacereal.com/shop/indexe2f0.html]
[www.sonacereal.com/shop/indexc2aa.html]
[www.sonacereal.com/shop/index9d1b.html]
[www.sonacereal.com/shop/indexe7ce.html]
[www.sonacereal.com/shop/index06c7.html]
[www.sonacereal.com/shop/indexb1f0.html]
[www.sonacereal.com/shop/index4f8f.html]
[www.sonacereal.com/shop/indexedfb.html]
[www.sonacereal.com/shop/index9ce5.html]
[www.sonacereal.com/shop/indexe45f.html]
[www.sonacereal.com/shop/indexd1aa.html]
[www.sonacereal.com/shop/index63f9.html]
[www.sonacereal.com/shop/indexa3b5.html]
[www.sonacereal.com/shop/indexad0d.html]
[www.sonacereal.com/shop/index2bda.html]
[www.sonacereal.com/indexbe5a.html]
[www.sonacereal.com/product/durga/POST.html]
[www.sonacereal.com/indexc556.html]
[www.sonacereal.com/product/dilkhush-premium/POST.html]
[www.sonacereal.com/product/red-rose-everday/o,baseURI.html]
[www.sonacereal.com/product/red-rose-everday/GET.html]
[www.sonacereal.com/shop/index86a0.html]
[www.sonacereal.com/indexc016.html]
[www.sonacereal.com/shop/index30e9.html]
[www.sonacereal.com/product/red-rose-everday/Edge/index.html]
[www.sonacereal.com/shop/indexbbee.html]
[cdn-fljdi.nitrocdn.com/NqxVMQmcTFWztlsfjbVumopAosqYlLWW/assets/static/optimized/rev-c9d9d72/wp-content/uploads/2022/03/red-rose-everyday-10kg-2.jpg]
[www.sonacereal.com/wp-json/oembed/1.0/embed80f2]
[www.sonacereal.com/product/red-rose-everday/POST.html]
[www.sonacereal.com/product/red-rose-classic/o,baseURI.html]
[www.sonacereal.com/product/red-rose-classic/GET.html]
[www.sonacereal.com/product/red-rose-classic/Edge/index.html]
[www.sonacereal.com/index07c4.html]
[www.sonacereal.com/product/red-rose-classic/_data_image/gif;base64,R0lGODlhAQABAIABAAAAAP/yH5BAEAAAEALAAAAAABAAEAAAICTAEAOw==.html]
[www.sonacereal.com/product/red-rose-classic/POST.html]
[www.sonacereal.com/indexff17.html]
[www.sonacereal.com/product/red-rose-premium/POST.html]
[www.sonacereal.com/wp-content/plugins/elementskit-lite/widgets/init/assets/img/cross-out.svg]
[www.sonacereal.com/wp-content/plugins/elementor/assets/lib/font-awesome/webfonts/fa-solid-900.svg]
[www.sonacereal.com/shop/index5650.html]
[www.sonacereal.com/shop/indexdf97.html]
[www.sonacereal.com/shop/index561f.html]
[www.sonacereal.com/shop/index92e2.html]
[www.sonacereal.com/shop/indexc57d.html]
[www.sonacereal.com/shop/index5ba6.html]
[www.sonacereal.com/shop/indexc2aa.html]
[www.sonacereal.com/shop/index06c7.html]
[www.sonacereal.com/product/red-rose-everday/_data_image/gif;base64,R0lGODlhAQABAIABAAAAAP/yH5BAEAAAEALAAAAAABAAEAAAICTAEAOw==]
[www.sonacereal.com/shop/indexe7ce.html]
[www.sonacereal.com/shop/index4f8f.html]
[www.sonacereal.com/shop/index9ce5.html]
[www.sonacereal.com/shop/indexd1aa.html]
[www.sonacereal.com/shop/indexd790.html]
[www.sonacereal.com/shop/index63f9.html]
[www.sonacereal.com/shop/index86a0.html]
[www.sonacereal.com/shop/index30e9.html]
[www.sonacereal.com/shop/index8001.html]
[www.sonacereal.com/shop/indexbbee.html]
[www.sonacereal.com/product/red-rose-everday/Edge/index.html]
[www.sonacereal.com/product/red-rose-everday/e]
[www.sonacereal.com/product/red-rose-everday/_data_image/gif;base64,R0lGODlhAQABAIABAAAAAP/yH5BAEAAAEALAAAAAABAAEAAAICTAEAOw==]
[www.sonacereal.com/shop/indexd790.html]
[www.sonacereal.com/shop/index8001.html]
[www.sonacereal.com/shop/index761d.html]
[www.sonacereal.com/shop/index761d.html]
[www.sonacereal.com/shop/index0770.html]
[www.sonacereal.com/shop/index0770.html]
